<html>
<body>
<pre>
<h1>µVision Build Log</h1>
<h2>Tool Versions:</h2>
IDE-Version: µVision V5.36.0.0
Copyright (C) 2021 ARM Ltd and ARM Germany GmbH. All rights reserved.
License Information: Abdi A2012521, Own, LIC=----
 
Tool Versions:
Toolchain:       MDK-Lite  Version: 5.36.0.0
Toolchain Path:  C:\Keil_v5\ARM\ARMCLANG\Bin
C Compiler:      ArmClang.exe V6.16
Assembler:       Armasm.exe V6.16
Linker/Locator:  ArmLink.exe V6.16
Library Manager: ArmAr.exe V6.16
Hex Converter:   FromElf.exe V6.16
CPU DLL:         SARMCM3.DLL V5.36.0.0
Dialog DLL:      DCM.DLL V1.17.3.0
Target DLL:      STLink\ST-LINKIII-KEIL_SWO.dll V3.0.9.0
Dialog DLL:      TCM.DLL V1.53.0.0
 
<h2>Project:</h2>
C:\CodeLib\ARM-Cortex4-STMF4\EmbededArmSTMprojects\Modbus RTU\MODBUS-RTU-Keil\modbus-rtu-keil.uvprojx
Project File Date:  07/04/2022

<h2>Output:</h2>
*** Using Compiler 'V6.16', folder: 'C:\Keil_v5\ARM\ARMCLANG\Bin'
Rebuild target 'stm32f446re'
compiling crc.c...
compiling timer.c...
compiling system_stm32f4xx.c...
assembling startup_stm32f446xx.s...
uart.c(27): warning: unused parameter 'stream' [-Wunused-parameter]
                int fputc(int ch , FILE * stream)
                                          ^
1 warning generated.
compiling uart.c...
main.c(11): warning: In file included from...
./mbprocess.h(61): warning: binary integer literals are a GNU extension [-Wgnu-binary-literal]
                0b110011,       0b101111,       0b10001100,     0b10001010,     0b100011,       0b10110,        0b1011011,      0b10001110,     0b11101011,     0b1001111,              //0-9
                ^
./mbprocess.h(61): warning: binary integer literals are a GNU extension [-Wgnu-binary-literal]
                0b110011,       0b101111,       0b10001100,     0b10001010,     0b100011,       0b10110,        0b1011011,      0b10001110,     0b11101011,     0b1001111,              //0-9
                                ^
./mbprocess.h(61): warning: binary integer literals are a GNU extension [-Wgnu-binary-literal]
                0b110011,       0b101111,       0b10001100,     0b10001010,     0b100011,       0b10110,        0b1011011,      0b10001110,     0b11101011,     0b1001111,              //0-9
                                                ^
./mbprocess.h(61): warning: binary integer literals are a GNU extension [-Wgnu-binary-literal]
                0b110011,       0b101111,       0b10001100,     0b10001010,     0b100011,       0b10110,        0b1011011,      0b10001110,     0b11101011,     0b1001111,              //0-9
                                                                ^
./mbprocess.h(61): warning: binary integer literals are a GNU extension [-Wgnu-binary-literal]
                0b110011,       0b101111,       0b10001100,     0b10001010,     0b100011,       0b10110,        0b1011011,      0b10001110,     0b11101011,     0b1001111,              //0-9
                                                                                ^
./mbprocess.h(61): warning: binary integer literals are a GNU extension [-Wgnu-binary-literal]
                0b110011,       0b101111,       0b10001100,     0b10001010,     0b100011,       0b10110,        0b1011011,      0b10001110,     0b11101011,     0b1001111,              //0-9
                                                                                                ^
./mbprocess.h(61): warning: binary integer literals are a GNU extension [-Wgnu-binary-literal]
                0b110011,       0b101111,       0b10001100,     0b10001010,     0b100011,       0b10110,        0b1011011,      0b10001110,     0b11101011,     0b1001111,              //0-9
                                                                                                                ^
./mbprocess.h(61): warning: binary integer literals are a GNU extension [-Wgnu-binary-literal]
                0b110011,       0b101111,       0b10001100,     0b10001010,     0b100011,       0b10110,        0b1011011,      0b10001110,     0b11101011,     0b1001111,              //0-9
                                                                                                                                ^
./mbprocess.h(61): warning: binary integer literals are a GNU extension [-Wgnu-binary-literal]
                0b110011,       0b101111,       0b10001100,     0b10001010,     0b100011,       0b10110,        0b1011011,      0b10001110,     0b11101011,     0b1001111,              //0-9
                                                                                                                                                ^
./mbprocess.h(61): warning: binary integer literals are a GNU extension [-Wgnu-binary-literal]
                0b110011,       0b101111,       0b10001100,     0b10001010,     0b100011,       0b10110,        0b1011011,      0b10001110,     0b11101011,     0b1001111,              //0-9
                                                                                                                                                                ^
./mbprocess.h(62): warning: binary integer literals are a GNU extension [-Wgnu-binary-literal]
                0b0,            0b11101001,     0b10011011,     0b11001111,     0b1001101,      0b100110,       0b10001101,     0b11010111,     0b10011010,     0b11001101,             //10-19
                ^
./mbprocess.h(62): warning: binary integer literals are a GNU extension [-Wgnu-binary-literal]
                0b0,            0b11101001,     0b10011011,     0b11001111,     0b1001101,      0b100110,       0b10001101,     0b11010111,     0b10011010,     0b11001101,             //10-19
                                ^
./mbprocess.h(62): warning: binary integer literals are a GNU extension [-Wgnu-binary-literal]
                0b0,            0b11101001,     0b10011011,     0b11001111,     0b1001101,      0b100110,       0b10001101,     0b11010111,     0b10011010,     0b11001101,             //10-19
                                                ^
./mbprocess.h(62): warning: binary integer literals are a GNU extension [-Wgnu-binary-literal]
                0b0,            0b11101001,     0b10011011,     0b11001111,     0b1001101,      0b100110,       0b10001101,     0b11010111,     0b10011010,     0b11001101,             //10-19
                                                                ^
./mbprocess.h(62): warning: binary integer literals are a GNU extension [-Wgnu-binary-literal]
                0b0,            0b11101001,     0b10011011,     0b11001111,     0b1001101,      0b100110,       0b10001101,     0b11010111,     0b10011010,     0b11001101,             //10-19
                                                                                ^
./mbprocess.h(62): warning: binary integer literals are a GNU extension [-Wgnu-binary-literal]
                0b0,            0b11101001,     0b10011011,     0b11001111,     0b1001101,      0b100110,       0b10001101,     0b11010111,     0b10011010,     0b11001101,             //10-19
                                                                                                ^
./mbprocess.h(62): warning: binary integer literals are a GNU extension [-Wgnu-binary-literal]
                0b0,            0b11101001,     0b10011011,     0b11001111,     0b1001101,      0b100110,       0b10001101,     0b11010111,     0b10011010,     0b11001101,             //10-19
                                                                                                                ^
./mbprocess.h(62): warning: binary integer literals are a GNU extension [-Wgnu-binary-literal]
                0b0,            0b11101001,     0b10011011,     0b11001111,     0b1001101,      0b100110,       0b10001101,     0b11010111,     0b10011010,     0b11001101,             //10-19
                                                                                                                                ^
./mbprocess.h(62): warning: binary integer literals are a GNU extension [-Wgnu-binary-literal]
                0b0,            0b11101001,     0b10011011,     0b11001111,     0b1001101,      0b100110,       0b10001101,     0b11010111,     0b10011010,     0b11001101,             //10-19
                                                                                                                                                ^
./mbprocess.h(62): warning: binary integer literals are a GNU extension [-Wgnu-binary-literal]
                0b0,            0b11101001,     0b10011011,     0b11001111,     0b1001101,      0b100110,       0b10001101,     0b11010111,     0b10011010,     0b11001101,             //10-19
                                                                                                                                                                ^
./mbprocess.h(63): warning: binary integer literals are a GNU extension [-Wgnu-binary-literal]
                0b11011011,     0b100010,       0b1111001,      0b1111100,      0b1001101,      0b10000011,     0b1010110,      0b10000001,     0b11011110,     0b11110110,             //20-29
                ^
./mbprocess.h(63): warning: binary integer literals are a GNU extension [-Wgnu-binary-literal]
                0b11011011,     0b100010,       0b1111001,      0b1111100,      0b1001101,      0b10000011,     0b1010110,      0b10000001,     0b11011110,     0b11110110,             //20-29
                                ^
./mbprocess.h(63): warning: binary integer literals are a GNU extension [-Wgnu-binary-literal]
                0b11011011,     0b100010,       0b1111001,      0b1111100,      0b1001101,      0b10000011,     0b1010110,      0b10000001,     0b11011110,     0b11110110,             //20-29
                                                ^
./mbprocess.h(63): warning: binary integer literals are a GNU extension [-Wgnu-binary-literal]
                0b11011011,     0b100010,       0b1111001,      0b1111100,      0b1001101,      0b10000011,     0b1010110,      0b10000001,     0b11011110,     0b11110110,             //20-29
                                                                ^
./mbprocess.h(63): warning: binary integer literals are a GNU extension [-Wgnu-binary-literal]
                0b11011011,     0b100010,       0b1111001,      0b1111100,      0b1001101,      0b10000011,     0b1010110,      0b10000001,     0b11011110,     0b11110110,             //20-29
                                                                                ^
./mbprocess.h(63): warning: binary integer literals are a GNU extension [-Wgnu-binary-literal]
                0b11011011,     0b100010,       0b1111001,      0b1111100,      0b1001101,      0b10000011,     0b1010110,      0b10000001,     0b11011110,     0b11110110,             //20-29
                                                                                                ^
./mbprocess.h(63): warning: binary integer literals are a GNU extension [-Wgnu-binary-literal]
                0b11011011,     0b100010,       0b1111001,      0b1111100,      0b1001101,      0b10000011,     0b1010110,      0b10000001,     0b11011110,     0b11110110,             //20-29
                                                                                                                ^
./mbprocess.h(63): warning: binary integer literals are a GNU extension [-Wgnu-binary-literal]
                0b11011011,     0b100010,       0b1111001,      0b1111100,      0b1001101,      0b10000011,     0b1010110,      0b10000001,     0b11011110,     0b11110110,             //20-29
                                                                                                                                ^
./mbprocess.h(63): warning: binary integer literals are a GNU extension [-Wgnu-binary-literal]
                0b11011011,     0b100010,       0b1111001,      0b1111100,      0b1001101,      0b10000011,     0b1010110,      0b10000001,     0b11011110,     0b11110110,             //20-29
                                                                                                                                                ^
./mbprocess.h(63): warning: binary integer literals are a GNU extension [-Wgnu-binary-literal]
                0b11011011,     0b100010,       0b1111001,      0b1111100,      0b1001101,      0b10000011,     0b1010110,      0b10000001,     0b11011110,     0b11110110,             //20-29
                                                                                                                                                                ^
./mbprocess.h(64): warning: binary integer literals are a GNU extension [-Wgnu-binary-literal]
                0b1110111,      0b111010,       0b1111111,      0b100101,       0b11111110,     0b1,            0b101,          0b1100100,      0b10110011,     0b10010000,             //30-39
                ^
./mbprocess.h(64): warning: binary integer literals are a GNU extension [-Wgnu-binary-literal]
                0b1110111,      0b111010,       0b1111111,      0b100101,       0b11111110,     0b1,            0b101,          0b1100100,      0b10110011,     0b10010000,             //30-39
                                ^
./mbprocess.h(64): warning: binary integer literals are a GNU extension [-Wgnu-binary-literal]
                0b1110111,      0b111010,       0b1111111,      0b100101,       0b11111110,     0b1,            0b101,          0b1100100,      0b10110011,     0b10010000,             //30-39
                                                ^
./mbprocess.h(64): warning: binary integer literals are a GNU extension [-Wgnu-binary-literal]
                0b1110111,      0b111010,       0b1111111,      0b100101,       0b11111110,     0b1,            0b101,          0b1100100,      0b10110011,     0b10010000,             //30-39
                                                                ^
./mbprocess.h(64): warning: binary integer literals are a GNU extension [-Wgnu-binary-literal]
                0b1110111,      0b111010,       0b1111111,      0b100101,       0b11111110,     0b1,            0b101,          0b1100100,      0b10110011,     0b10010000,             //30-39
                                                                                ^
./mbprocess.h(64): warning: binary integer literals are a GNU extension [-Wgnu-binary-literal]
                0b1110111,      0b111010,       0b1111111,      0b100101,       0b11111110,     0b1,            0b101,          0b1100100,      0b10110011,     0b10010000,             //30-39
                                                                                                ^
./mbprocess.h(64): warning: binary integer literals are a GNU extension [-Wgnu-binary-literal]
                0b1110111,      0b111010,       0b1111111,      0b100101,       0b11111110,     0b1,            0b101,          0b1100100,      0b10110011,     0b10010000,             //30-39
                                                                                                                ^
./mbprocess.h(64): warning: binary integer literals are a GNU extension [-Wgnu-binary-literal]
                0b1110111,      0b111010,       0b1111111,      0b100101,       0b11111110,     0b1,            0b101,          0b1100100,      0b10110011,     0b10010000,             //30-39
                                                                                                                                ^
./mbprocess.h(64): warning: binary integer literals are a GNU extension [-Wgnu-binary-literal]
                0b1110111,      0b111010,       0b1111111,      0b100101,       0b11111110,     0b1,            0b101,          0b1100100,      0b10110011,     0b10010000,             //30-39
                                                                                                                                                ^
./mbprocess.h(64): warning: binary integer literals are a GNU extension [-Wgnu-binary-literal]
                0b1110111,      0b111010,       0b1111111,      0b100101,       0b11111110,     0b1,            0b101,          0b1100100,      0b10110011,     0b10010000,             //30-39
                                                                                                                                                                ^
./mbprocess.h(65): warning: binary integer literals are a GNU extension [-Wgnu-binary-literal]
                0b11010110,     0b10110,        0b1110101,      0b1011101,      0b1011010,      0b11100,        0b11010110,     0b1111011,      0b10011110,0b11111010           //40-49
                ^
./mbprocess.h(65): warning: binary integer literals are a GNU extension [-Wgnu-binary-literal]
                0b11010110,     0b10110,        0b1110101,      0b1011101,      0b1011010,      0b11100,        0b11010110,     0b1111011,      0b10011110,0b11111010           //40-49
                                ^
./mbprocess.h(65): warning: binary integer literals are a GNU extension [-Wgnu-binary-literal]
                0b11010110,     0b10110,        0b1110101,      0b1011101,      0b1011010,      0b11100,        0b11010110,     0b1111011,      0b10011110,0b11111010           //40-49
                                                ^
./mbprocess.h(65): warning: binary integer literals are a GNU extension [-Wgnu-binary-literal]
                0b11010110,     0b10110,        0b1110101,      0b1011101,      0b1011010,      0b11100,        0b11010110,     0b1111011,      0b10011110,0b11111010           //40-49
                                                                ^
./mbprocess.h(65): warning: binary integer literals are a GNU extension [-Wgnu-binary-literal]
                0b11010110,     0b10110,        0b1110101,      0b1011101,      0b1011010,      0b11100,        0b11010110,     0b1111011,      0b10011110,0b11111010           //40-49
                                                                                ^
./mbprocess.h(65): warning: binary integer literals are a GNU extension [-Wgnu-binary-literal]
                0b11010110,     0b10110,        0b1110101,      0b1011101,      0b1011010,      0b11100,        0b11010110,     0b1111011,      0b10011110,0b11111010           //40-49
                                                                                                ^
./mbprocess.h(65): warning: binary integer literals are a GNU extension [-Wgnu-binary-literal]
                0b11010110,     0b10110,        0b1110101,      0b1011101,      0b1011010,      0b11100,        0b11010110,     0b1111011,      0b10011110,0b11111010           //40-49
                                                                                                                ^
./mbprocess.h(65): warning: binary integer literals are a GNU extension [-Wgnu-binary-literal]
                0b11010110,     0b10110,        0b1110101,      0b1011101,      0b1011010,      0b11100,        0b11010110,     0b1111011,      0b10011110,0b11111010           //40-49
                                                                                                                                ^
./mbprocess.h(65): warning: binary integer literals are a GNU extension [-Wgnu-binary-literal]
                0b11010110,     0b10110,        0b1110101,      0b1011101,      0b1011010,      0b11100,        0b11010110,     0b1111011,      0b10011110,0b11111010           //40-49
                                                                                                                                                ^
./mbprocess.h(65): warning: binary integer literals are a GNU extension [-Wgnu-binary-literal]
                0b11010110,     0b10110,        0b1110101,      0b1011101,      0b1011010,      0b11100,        0b11010110,     0b1111011,      0b10011110,0b11111010           //40-49
                                                                                                                                                           ^
./mbprocess.h(69): warning: binary integer literals are a GNU extension [-Wgnu-binary-literal]
                0b00110011,     0b00101111,     0b10001100,     0b10001010,     0b00100011,     0b00010110,     0b01011011,     0b10001110,     0b11101011,     0b01001111,             //0-9
                ^
./mbprocess.h(69): warning: binary integer literals are a GNU extension [-Wgnu-binary-literal]
                0b00110011,     0b00101111,     0b10001100,     0b10001010,     0b00100011,     0b00010110,     0b01011011,     0b10001110,     0b11101011,     0b01001111,             //0-9
                                ^
./mbprocess.h(69): warning: binary integer literals are a GNU extension [-Wgnu-binary-literal]
                0b00110011,     0b00101111,     0b10001100,     0b10001010,     0b00100011,     0b00010110,     0b01011011,     0b10001110,     0b11101011,     0b01001111,             //0-9
                                                ^
./mbprocess.h(69): warning: binary integer literals are a GNU extension [-Wgnu-binary-literal]
                0b00110011,     0b00101111,     0b10001100,     0b10001010,     0b00100011,     0b00010110,     0b01011011,     0b10001110,     0b11101011,     0b01001111,             //0-9
                                                                ^
./mbprocess.h(69): warning: binary integer literals are a GNU extension [-Wgnu-binary-literal]
                0b00110011,     0b00101111,     0b10001100,     0b10001010,     0b00100011,     0b00010110,     0b01011011,     0b10001110,     0b11101011,     0b01001111,             //0-9
                                                                                ^
./mbprocess.h(69): warning: binary integer literals are a GNU extension [-Wgnu-binary-literal]
                0b00110011,     0b00101111,     0b10001100,     0b10001010,     0b00100011,     0b00010110,     0b01011011,     0b10001110,     0b11101011,     0b01001111,             //0-9
                                                                                                ^
./mbprocess.h(69): warning: binary integer literals are a GNU extension [-Wgnu-binary-literal]
                0b00110011,     0b00101111,     0b10001100,     0b10001010,     0b00100011,     0b00010110,     0b01011011,     0b10001110,     0b11101011,     0b01001111,             //0-9
                                                                                                                ^
./mbprocess.h(69): warning: binary integer literals are a GNU extension [-Wgnu-binary-literal]
                0b00110011,     0b00101111,     0b10001100,     0b10001010,     0b00100011,     0b00010110,     0b01011011,     0b10001110,     0b11101011,     0b01001111,             //0-9
                                                                                                                                ^
./mbprocess.h(69): warning: binary integer literals are a GNU extension [-Wgnu-binary-literal]
                0b00110011,     0b00101111,     0b10001100,     0b10001010,     0b00100011,     0b00010110,     0b01011011,     0b10001110,     0b11101011,     0b01001111,             //0-9
                                                                                                                                                ^
./mbprocess.h(69): warning: binary integer literals are a GNU extension [-Wgnu-binary-literal]
                0b00110011,     0b00101111,     0b10001100,     0b10001010,     0b00100011,     0b00010110,     0b01011011,     0b10001110,     0b11101011,     0b01001111,             //0-9
                                                                                                                                                                ^
./mbprocess.h(70): warning: binary integer literals are a GNU extension [-Wgnu-binary-literal]
                0b00000000,     0b11101001,     0b10011011,     0b11001111,     0b01001101,     0b00100110,     0b10001101,     0b11010111,     0b10011010,     0b11001101,             //10-19
                ^
./mbprocess.h(70): warning: binary integer literals are a GNU extension [-Wgnu-binary-literal]
                0b00000000,     0b11101001,     0b10011011,     0b11001111,     0b01001101,     0b00100110,     0b10001101,     0b11010111,     0b10011010,     0b11001101,             //10-19
                                ^
./mbprocess.h(70): warning: binary integer literals are a GNU extension [-Wgnu-binary-literal]
                0b00000000,     0b11101001,     0b10011011,     0b11001111,     0b01001101,     0b00100110,     0b10001101,     0b11010111,     0b10011010,     0b11001101,             //10-19
                                                ^
./mbprocess.h(70): warning: binary integer literals are a GNU extension [-Wgnu-binary-literal]
                0b00000000,     0b11101001,     0b10011011,     0b11001111,     0b01001101,     0b00100110,     0b10001101,     0b11010111,     0b10011010,     0b11001101,             //10-19
                                                                ^
./mbprocess.h(70): warning: binary integer literals are a GNU extension [-Wgnu-binary-literal]
                0b00000000,     0b11101001,     0b10011011,     0b11001111,     0b01001101,     0b00100110,     0b10001101,     0b11010111,     0b10011010,     0b11001101,             //10-19
                                                                                ^
./mbprocess.h(70): warning: binary integer literals are a GNU extension [-Wgnu-binary-literal]
                0b00000000,     0b11101001,     0b10011011,     0b11001111,     0b01001101,     0b00100110,     0b10001101,     0b11010111,     0b10011010,     0b11001101,             //10-19
                                                                                                ^
./mbprocess.h(70): warning: binary integer literals are a GNU extension [-Wgnu-binary-literal]
                0b00000000,     0b11101001,     0b10011011,     0b11001111,     0b01001101,     0b00100110,     0b10001101,     0b11010111,     0b10011010,     0b11001101,             //10-19
                                                                                                                ^
./mbprocess.h(70): warning: binary integer literals are a GNU extension [-Wgnu-binary-literal]
                0b00000000,     0b11101001,     0b10011011,     0b11001111,     0b01001101,     0b00100110,     0b10001101,     0b11010111,     0b10011010,     0b11001101,             //10-19
                                                                                                                                ^
./mbprocess.h(70): warning: binary integer literals are a GNU extension [-Wgnu-binary-literal]
                0b00000000,     0b11101001,     0b10011011,     0b11001111,     0b01001101,     0b00100110,     0b10001101,     0b11010111,     0b10011010,     0b11001101,             //10-19
                                                                                                                                                ^
./mbprocess.h(70): warning: binary integer literals are a GNU extension [-Wgnu-binary-literal]
                0b00000000,     0b11101001,     0b10011011,     0b11001111,     0b01001101,     0b00100110,     0b10001101,     0b11010111,     0b10011010,     0b11001101,             //10-19
                                                                                                                                                                ^
./mbprocess.h(71): warning: binary integer literals are a GNU extension [-Wgnu-binary-literal]
                0b11011011,     0b0100010,      0b01111001,     0b01111100,     0b01001101,     0b10000011,     0b01010110,     0b10000001,     0b11011110,     0b11110110,             //20-29
                ^
./mbprocess.h(71): warning: binary integer literals are a GNU extension [-Wgnu-binary-literal]
                0b11011011,     0b0100010,      0b01111001,     0b01111100,     0b01001101,     0b10000011,     0b01010110,     0b10000001,     0b11011110,     0b11110110,             //20-29
                                ^
./mbprocess.h(71): warning: binary integer literals are a GNU extension [-Wgnu-binary-literal]
                0b11011011,     0b0100010,      0b01111001,     0b01111100,     0b01001101,     0b10000011,     0b01010110,     0b10000001,     0b11011110,     0b11110110,             //20-29
                                                ^
./mbprocess.h(71): warning: binary integer literals are a GNU extension [-Wgnu-binary-literal]
                0b11011011,     0b0100010,      0b01111001,     0b01111100,     0b01001101,     0b10000011,     0b01010110,     0b10000001,     0b11011110,     0b11110110,             //20-29
                                                                ^
./mbprocess.h(71): warning: binary integer literals are a GNU extension [-Wgnu-binary-literal]
                0b11011011,     0b0100010,      0b01111001,     0b01111100,     0b01001101,     0b10000011,     0b01010110,     0b10000001,     0b11011110,     0b11110110,             //20-29
                                                                                ^
./mbprocess.h(71): warning: binary integer literals are a GNU extension [-Wgnu-binary-literal]
                0b11011011,     0b0100010,      0b01111001,     0b01111100,     0b01001101,     0b10000011,     0b01010110,     0b10000001,     0b11011110,     0b11110110,             //20-29
                                                                                                ^
./mbprocess.h(71): warning: binary integer literals are a GNU extension [-Wgnu-binary-literal]
                0b11011011,     0b0100010,      0b01111001,     0b01111100,     0b01001101,     0b10000011,     0b01010110,     0b10000001,     0b11011110,     0b11110110,             //20-29
                                                                                                                ^
./mbprocess.h(71): warning: binary integer literals are a GNU extension [-Wgnu-binary-literal]
                0b11011011,     0b0100010,      0b01111001,     0b01111100,     0b01001101,     0b10000011,     0b01010110,     0b10000001,     0b11011110,     0b11110110,             //20-29
                                                                                                                                ^
./mbprocess.h(71): warning: binary integer literals are a GNU extension [-Wgnu-binary-literal]
                0b11011011,     0b0100010,      0b01111001,     0b01111100,     0b01001101,     0b10000011,     0b01010110,     0b10000001,     0b11011110,     0b11110110,             //20-29
                                                                                                                                                ^
./mbprocess.h(71): warning: binary integer literals are a GNU extension [-Wgnu-binary-literal]
                0b11011011,     0b0100010,      0b01111001,     0b01111100,     0b01001101,     0b10000011,     0b01010110,     0b10000001,     0b11011110,     0b11110110,             //20-29
                                                                                                                                                                ^
./mbprocess.h(72): warning: binary integer literals are a GNU extension [-Wgnu-binary-literal]
                0b01110111,     0b0111010,      0b01111111,     0b00100101,     0b11111110,     0b00000001,     0b00000101,     0b01100100,     0b10110011,     0b10010000,             //30-39
                ^
./mbprocess.h(72): warning: binary integer literals are a GNU extension [-Wgnu-binary-literal]
                0b01110111,     0b0111010,      0b01111111,     0b00100101,     0b11111110,     0b00000001,     0b00000101,     0b01100100,     0b10110011,     0b10010000,             //30-39
                                ^
./mbprocess.h(72): warning: binary integer literals are a GNU extension [-Wgnu-binary-literal]
                0b01110111,     0b0111010,      0b01111111,     0b00100101,     0b11111110,     0b00000001,     0b00000101,     0b01100100,     0b10110011,     0b10010000,             //30-39
                                                ^
./mbprocess.h(72): warning: binary integer literals are a GNU extension [-Wgnu-binary-literal]
                0b01110111,     0b0111010,      0b01111111,     0b00100101,     0b11111110,     0b00000001,     0b00000101,     0b01100100,     0b10110011,     0b10010000,             //30-39
                                                                ^
./mbprocess.h(72): warning: binary integer literals are a GNU extension [-Wgnu-binary-literal]
                0b01110111,     0b0111010,      0b01111111,     0b00100101,     0b11111110,     0b00000001,     0b00000101,     0b01100100,     0b10110011,     0b10010000,             //30-39
                                                                                ^
./mbprocess.h(72): warning: binary integer literals are a GNU extension [-Wgnu-binary-literal]
                0b01110111,     0b0111010,      0b01111111,     0b00100101,     0b11111110,     0b00000001,     0b00000101,     0b01100100,     0b10110011,     0b10010000,             //30-39
                                                                                                ^
./mbprocess.h(72): warning: binary integer literals are a GNU extension [-Wgnu-binary-literal]
                0b01110111,     0b0111010,      0b01111111,     0b00100101,     0b11111110,     0b00000001,     0b00000101,     0b01100100,     0b10110011,     0b10010000,             //30-39
                                                                                                                ^
./mbprocess.h(72): warning: binary integer literals are a GNU extension [-Wgnu-binary-literal]
                0b01110111,     0b0111010,      0b01111111,     0b00100101,     0b11111110,     0b00000001,     0b00000101,     0b01100100,     0b10110011,     0b10010000,             //30-39
                                                                                                                                ^
./mbprocess.h(72): warning: binary integer literals are a GNU extension [-Wgnu-binary-literal]
                0b01110111,     0b0111010,      0b01111111,     0b00100101,     0b11111110,     0b00000001,     0b00000101,     0b01100100,     0b10110011,     0b10010000,             //30-39
                                                                                                                                                ^
./mbprocess.h(72): warning: binary integer literals are a GNU extension [-Wgnu-binary-literal]
                0b01110111,     0b0111010,      0b01111111,     0b00100101,     0b11111110,     0b00000001,     0b00000101,     0b01100100,     0b10110011,     0b10010000,             //30-39
                                                                                                                                                                ^
./mbprocess.h(73): warning: binary integer literals are a GNU extension [-Wgnu-binary-literal]
                0b11010110,     0b0010110,      0b01110101,     0b01011101,     0b01011010,     0b00011100,     0b11010110,     0b01111011,     0b10011110, 0b11111010          //40-49
                ^
./mbprocess.h(73): warning: binary integer literals are a GNU extension [-Wgnu-binary-literal]
                0b11010110,     0b0010110,      0b01110101,     0b01011101,     0b01011010,     0b00011100,     0b11010110,     0b01111011,     0b10011110, 0b11111010          //40-49
                                ^
./mbprocess.h(73): warning: binary integer literals are a GNU extension [-Wgnu-binary-literal]
                0b11010110,     0b0010110,      0b01110101,     0b01011101,     0b01011010,     0b00011100,     0b11010110,     0b01111011,     0b10011110, 0b11111010          //40-49
                                                ^
./mbprocess.h(73): warning: binary integer literals are a GNU extension [-Wgnu-binary-literal]
                0b11010110,     0b0010110,      0b01110101,     0b01011101,     0b01011010,     0b00011100,     0b11010110,     0b01111011,     0b10011110, 0b11111010          //40-49
                                                                ^
./mbprocess.h(73): warning: binary integer literals are a GNU extension [-Wgnu-binary-literal]
                0b11010110,     0b0010110,      0b01110101,     0b01011101,     0b01011010,     0b00011100,     0b11010110,     0b01111011,     0b10011110, 0b11111010          //40-49
                                                                                ^
./mbprocess.h(73): warning: binary integer literals are a GNU extension [-Wgnu-binary-literal]
                0b11010110,     0b0010110,      0b01110101,     0b01011101,     0b01011010,     0b00011100,     0b11010110,     0b01111011,     0b10011110, 0b11111010          //40-49
                                                                                                ^
./mbprocess.h(73): warning: binary integer literals are a GNU extension [-Wgnu-binary-literal]
                0b11010110,     0b0010110,      0b01110101,     0b01011101,     0b01011010,     0b00011100,     0b11010110,     0b01111011,     0b10011110, 0b11111010          //40-49
                                                                                                                ^
./mbprocess.h(73): warning: binary integer literals are a GNU extension [-Wgnu-binary-literal]
                0b11010110,     0b0010110,      0b01110101,     0b01011101,     0b01011010,     0b00011100,     0b11010110,     0b01111011,     0b10011110, 0b11111010          //40-49
                                                                                                                                ^
./mbprocess.h(73): warning: binary integer literals are a GNU extension [-Wgnu-binary-literal]
                0b11010110,     0b0010110,      0b01110101,     0b01011101,     0b01011010,     0b00011100,     0b11010110,     0b01111011,     0b10011110, 0b11111010          //40-49
                                                                                                                                                ^
./mbprocess.h(73): warning: binary integer literals are a GNU extension [-Wgnu-binary-literal]
                0b11010110,     0b0010110,      0b01110101,     0b01011101,     0b01011010,     0b00011100,     0b11010110,     0b01111011,     0b10011110, 0b11111010          //40-49
                                                                                                                                                            ^
./mbprocess.h(74): warning: no newline at end of file [-Wnewline-eof]
};
  ^
main.c(24): warning: implicit declaration of function 'tim_6_7_1mhz_init' is invalid in C99 [-Wimplicit-function-declaration]
        tim_6_7_1mhz_init();
        ^
102 warnings generated.
compiling main.c...
mbprocess.c(11): warning: In file included from...
./mbprocess.h(61): warning: binary integer literals are a GNU extension [-Wgnu-binary-literal]
                0b110011,       0b101111,       0b10001100,     0b10001010,     0b100011,       0b10110,        0b1011011,      0b10001110,     0b11101011,     0b1001111,              //0-9
                ^
./mbprocess.h(61): warning: binary integer literals are a GNU extension [-Wgnu-binary-literal]
                0b110011,       0b101111,       0b10001100,     0b10001010,     0b100011,       0b10110,        0b1011011,      0b10001110,     0b11101011,     0b1001111,              //0-9
                                ^
./mbprocess.h(61): warning: binary integer literals are a GNU extension [-Wgnu-binary-literal]
                0b110011,       0b101111,       0b10001100,     0b10001010,     0b100011,       0b10110,        0b1011011,      0b10001110,     0b11101011,     0b1001111,              //0-9
                                                ^
./mbprocess.h(61): warning: binary integer literals are a GNU extension [-Wgnu-binary-literal]
                0b110011,       0b101111,       0b10001100,     0b10001010,     0b100011,       0b10110,        0b1011011,      0b10001110,     0b11101011,     0b1001111,              //0-9
                                                                ^
./mbprocess.h(61): warning: binary integer literals are a GNU extension [-Wgnu-binary-literal]
                0b110011,       0b101111,       0b10001100,     0b10001010,     0b100011,       0b10110,        0b1011011,      0b10001110,     0b11101011,     0b1001111,              //0-9
                                                                                ^
./mbprocess.h(61): warning: binary integer literals are a GNU extension [-Wgnu-binary-literal]
                0b110011,       0b101111,       0b10001100,     0b10001010,     0b100011,       0b10110,        0b1011011,      0b10001110,     0b11101011,     0b1001111,              //0-9
                                                                                                ^
./mbprocess.h(61): warning: binary integer literals are a GNU extension [-Wgnu-binary-literal]
                0b110011,       0b101111,       0b10001100,     0b10001010,     0b100011,       0b10110,        0b1011011,      0b10001110,     0b11101011,     0b1001111,              //0-9
                                                                                                                ^
./mbprocess.h(61): warning: binary integer literals are a GNU extension [-Wgnu-binary-literal]
                0b110011,       0b101111,       0b10001100,     0b10001010,     0b100011,       0b10110,        0b1011011,      0b10001110,     0b11101011,     0b1001111,              //0-9
                                                                                                                                ^
./mbprocess.h(61): warning: binary integer literals are a GNU extension [-Wgnu-binary-literal]
                0b110011,       0b101111,       0b10001100,     0b10001010,     0b100011,       0b10110,        0b1011011,      0b10001110,     0b11101011,     0b1001111,              //0-9
                                                                                                                                                ^
./mbprocess.h(61): warning: binary integer literals are a GNU extension [-Wgnu-binary-literal]
                0b110011,       0b101111,       0b10001100,     0b10001010,     0b100011,       0b10110,        0b1011011,      0b10001110,     0b11101011,     0b1001111,              //0-9
                                                                                                                                                                ^
./mbprocess.h(62): warning: binary integer literals are a GNU extension [-Wgnu-binary-literal]
                0b0,            0b11101001,     0b10011011,     0b11001111,     0b1001101,      0b100110,       0b10001101,     0b11010111,     0b10011010,     0b11001101,             //10-19
                ^
./mbprocess.h(62): warning: binary integer literals are a GNU extension [-Wgnu-binary-literal]
                0b0,            0b11101001,     0b10011011,     0b11001111,     0b1001101,      0b100110,       0b10001101,     0b11010111,     0b10011010,     0b11001101,             //10-19
                                ^
./mbprocess.h(62): warning: binary integer literals are a GNU extension [-Wgnu-binary-literal]
                0b0,            0b11101001,     0b10011011,     0b11001111,     0b1001101,      0b100110,       0b10001101,     0b11010111,     0b10011010,     0b11001101,             //10-19
                                                ^
./mbprocess.h(62): warning: binary integer literals are a GNU extension [-Wgnu-binary-literal]
                0b0,            0b11101001,     0b10011011,     0b11001111,     0b1001101,      0b100110,       0b10001101,     0b11010111,     0b10011010,     0b11001101,             //10-19
                                                                ^
./mbprocess.h(62): warning: binary integer literals are a GNU extension [-Wgnu-binary-literal]
                0b0,            0b11101001,     0b10011011,     0b11001111,     0b1001101,      0b100110,       0b10001101,     0b11010111,     0b10011010,     0b11001101,             //10-19
                                                                                ^
./mbprocess.h(62): warning: binary integer literals are a GNU extension [-Wgnu-binary-literal]
                0b0,            0b11101001,     0b10011011,     0b11001111,     0b1001101,      0b100110,       0b10001101,     0b11010111,     0b10011010,     0b11001101,             //10-19
                                                                                                ^
./mbprocess.h(62): warning: binary integer literals are a GNU extension [-Wgnu-binary-literal]
                0b0,            0b11101001,     0b10011011,     0b11001111,     0b1001101,      0b100110,       0b10001101,     0b11010111,     0b10011010,     0b11001101,             //10-19
                                                                                                                ^
./mbprocess.h(62): warning: binary integer literals are a GNU extension [-Wgnu-binary-literal]
                0b0,            0b11101001,     0b10011011,     0b11001111,     0b1001101,      0b100110,       0b10001101,     0b11010111,     0b10011010,     0b11001101,             //10-19
                                                                                                                                ^
./mbprocess.h(62): warning: binary integer literals are a GNU extension [-Wgnu-binary-literal]
                0b0,            0b11101001,     0b10011011,     0b11001111,     0b1001101,      0b100110,       0b10001101,     0b11010111,     0b10011010,     0b11001101,             //10-19
                                                                                                                                                ^
./mbprocess.h(62): warning: binary integer literals are a GNU extension [-Wgnu-binary-literal]
                0b0,            0b11101001,     0b10011011,     0b11001111,     0b1001101,      0b100110,       0b10001101,     0b11010111,     0b10011010,     0b11001101,             //10-19
                                                                                                                                                                ^
./mbprocess.h(63): warning: binary integer literals are a GNU extension [-Wgnu-binary-literal]
                0b11011011,     0b100010,       0b1111001,      0b1111100,      0b1001101,      0b10000011,     0b1010110,      0b10000001,     0b11011110,     0b11110110,             //20-29
                ^
./mbprocess.h(63): warning: binary integer literals are a GNU extension [-Wgnu-binary-literal]
                0b11011011,     0b100010,       0b1111001,      0b1111100,      0b1001101,      0b10000011,     0b1010110,      0b10000001,     0b11011110,     0b11110110,             //20-29
                                ^
./mbprocess.h(63): warning: binary integer literals are a GNU extension [-Wgnu-binary-literal]
                0b11011011,     0b100010,       0b1111001,      0b1111100,      0b1001101,      0b10000011,     0b1010110,      0b10000001,     0b11011110,     0b11110110,             //20-29
                                                ^
./mbprocess.h(63): warning: binary integer literals are a GNU extension [-Wgnu-binary-literal]
                0b11011011,     0b100010,       0b1111001,      0b1111100,      0b1001101,      0b10000011,     0b1010110,      0b10000001,     0b11011110,     0b11110110,             //20-29
                                                                ^
./mbprocess.h(63): warning: binary integer literals are a GNU extension [-Wgnu-binary-literal]
                0b11011011,     0b100010,       0b1111001,      0b1111100,      0b1001101,      0b10000011,     0b1010110,      0b10000001,     0b11011110,     0b11110110,             //20-29
                                                                                ^
./mbprocess.h(63): warning: binary integer literals are a GNU extension [-Wgnu-binary-literal]
                0b11011011,     0b100010,       0b1111001,      0b1111100,      0b1001101,      0b10000011,     0b1010110,      0b10000001,     0b11011110,     0b11110110,             //20-29
                                                                                                ^
./mbprocess.h(63): warning: binary integer literals are a GNU extension [-Wgnu-binary-literal]
                0b11011011,     0b100010,       0b1111001,      0b1111100,      0b1001101,      0b10000011,     0b1010110,      0b10000001,     0b11011110,     0b11110110,             //20-29
                                                                                                                ^
./mbprocess.h(63): warning: binary integer literals are a GNU extension [-Wgnu-binary-literal]
                0b11011011,     0b100010,       0b1111001,      0b1111100,      0b1001101,      0b10000011,     0b1010110,      0b10000001,     0b11011110,     0b11110110,             //20-29
                                                                                                                                ^
./mbprocess.h(63): warning: binary integer literals are a GNU extension [-Wgnu-binary-literal]
                0b11011011,     0b100010,       0b1111001,      0b1111100,      0b1001101,      0b10000011,     0b1010110,      0b10000001,     0b11011110,     0b11110110,             //20-29
                                                                                                                                                ^
./mbprocess.h(63): warning: binary integer literals are a GNU extension [-Wgnu-binary-literal]
                0b11011011,     0b100010,       0b1111001,      0b1111100,      0b1001101,      0b10000011,     0b1010110,      0b10000001,     0b11011110,     0b11110110,             //20-29
                                                                                                                                                                ^
./mbprocess.h(64): warning: binary integer literals are a GNU extension [-Wgnu-binary-literal]
                0b1110111,      0b111010,       0b1111111,      0b100101,       0b11111110,     0b1,            0b101,          0b1100100,      0b10110011,     0b10010000,             //30-39
                ^
./mbprocess.h(64): warning: binary integer literals are a GNU extension [-Wgnu-binary-literal]
                0b1110111,      0b111010,       0b1111111,      0b100101,       0b11111110,     0b1,            0b101,          0b1100100,      0b10110011,     0b10010000,             //30-39
                                ^
./mbprocess.h(64): warning: binary integer literals are a GNU extension [-Wgnu-binary-literal]
                0b1110111,      0b111010,       0b1111111,      0b100101,       0b11111110,     0b1,            0b101,          0b1100100,      0b10110011,     0b10010000,             //30-39
                                                ^
./mbprocess.h(64): warning: binary integer literals are a GNU extension [-Wgnu-binary-literal]
                0b1110111,      0b111010,       0b1111111,      0b100101,       0b11111110,     0b1,            0b101,          0b1100100,      0b10110011,     0b10010000,             //30-39
                                                                ^
./mbprocess.h(64): warning: binary integer literals are a GNU extension [-Wgnu-binary-literal]
                0b1110111,      0b111010,       0b1111111,      0b100101,       0b11111110,     0b1,            0b101,          0b1100100,      0b10110011,     0b10010000,             //30-39
                                                                                ^
./mbprocess.h(64): warning: binary integer literals are a GNU extension [-Wgnu-binary-literal]
                0b1110111,      0b111010,       0b1111111,      0b100101,       0b11111110,     0b1,            0b101,          0b1100100,      0b10110011,     0b10010000,             //30-39
                                                                                                ^
./mbprocess.h(64): warning: binary integer literals are a GNU extension [-Wgnu-binary-literal]
                0b1110111,      0b111010,       0b1111111,      0b100101,       0b11111110,     0b1,            0b101,          0b1100100,      0b10110011,     0b10010000,             //30-39
                                                                                                                ^
./mbprocess.h(64): warning: binary integer literals are a GNU extension [-Wgnu-binary-literal]
                0b1110111,      0b111010,       0b1111111,      0b100101,       0b11111110,     0b1,            0b101,          0b1100100,      0b10110011,     0b10010000,             //30-39
                                                                                                                                ^
./mbprocess.h(64): warning: binary integer literals are a GNU extension [-Wgnu-binary-literal]
                0b1110111,      0b111010,       0b1111111,      0b100101,       0b11111110,     0b1,            0b101,          0b1100100,      0b10110011,     0b10010000,             //30-39
                                                                                                                                                ^
./mbprocess.h(64): warning: binary integer literals are a GNU extension [-Wgnu-binary-literal]
                0b1110111,      0b111010,       0b1111111,      0b100101,       0b11111110,     0b1,            0b101,          0b1100100,      0b10110011,     0b10010000,             //30-39
                                                                                                                                                                ^
./mbprocess.h(65): warning: binary integer literals are a GNU extension [-Wgnu-binary-literal]
                0b11010110,     0b10110,        0b1110101,      0b1011101,      0b1011010,      0b11100,        0b11010110,     0b1111011,      0b10011110,0b11111010           //40-49
                ^
./mbprocess.h(65): warning: binary integer literals are a GNU extension [-Wgnu-binary-literal]
                0b11010110,     0b10110,        0b1110101,      0b1011101,      0b1011010,      0b11100,        0b11010110,     0b1111011,      0b10011110,0b11111010           //40-49
                                ^
./mbprocess.h(65): warning: binary integer literals are a GNU extension [-Wgnu-binary-literal]
                0b11010110,     0b10110,        0b1110101,      0b1011101,      0b1011010,      0b11100,        0b11010110,     0b1111011,      0b10011110,0b11111010           //40-49
                                                ^
./mbprocess.h(65): warning: binary integer literals are a GNU extension [-Wgnu-binary-literal]
                0b11010110,     0b10110,        0b1110101,      0b1011101,      0b1011010,      0b11100,        0b11010110,     0b1111011,      0b10011110,0b11111010           //40-49
                                                                ^
./mbprocess.h(65): warning: binary integer literals are a GNU extension [-Wgnu-binary-literal]
                0b11010110,     0b10110,        0b1110101,      0b1011101,      0b1011010,      0b11100,        0b11010110,     0b1111011,      0b10011110,0b11111010           //40-49
                                                                                ^
./mbprocess.h(65): warning: binary integer literals are a GNU extension [-Wgnu-binary-literal]
                0b11010110,     0b10110,        0b1110101,      0b1011101,      0b1011010,      0b11100,        0b11010110,     0b1111011,      0b10011110,0b11111010           //40-49
                                                                                                ^
./mbprocess.h(65): warning: binary integer literals are a GNU extension [-Wgnu-binary-literal]
                0b11010110,     0b10110,        0b1110101,      0b1011101,      0b1011010,      0b11100,        0b11010110,     0b1111011,      0b10011110,0b11111010           //40-49
                                                                                                                ^
./mbprocess.h(65): warning: binary integer literals are a GNU extension [-Wgnu-binary-literal]
                0b11010110,     0b10110,        0b1110101,      0b1011101,      0b1011010,      0b11100,        0b11010110,     0b1111011,      0b10011110,0b11111010           //40-49
                                                                                                                                ^
./mbprocess.h(65): warning: binary integer literals are a GNU extension [-Wgnu-binary-literal]
                0b11010110,     0b10110,        0b1110101,      0b1011101,      0b1011010,      0b11100,        0b11010110,     0b1111011,      0b10011110,0b11111010           //40-49
                                                                                                                                                ^
./mbprocess.h(65): warning: binary integer literals are a GNU extension [-Wgnu-binary-literal]
                0b11010110,     0b10110,        0b1110101,      0b1011101,      0b1011010,      0b11100,        0b11010110,     0b1111011,      0b10011110,0b11111010           //40-49
                                                                                                                                                           ^
./mbprocess.h(69): warning: binary integer literals are a GNU extension [-Wgnu-binary-literal]
                0b00110011,     0b00101111,     0b10001100,     0b10001010,     0b00100011,     0b00010110,     0b01011011,     0b10001110,     0b11101011,     0b01001111,             //0-9
                ^
./mbprocess.h(69): warning: binary integer literals are a GNU extension [-Wgnu-binary-literal]
                0b00110011,     0b00101111,     0b10001100,     0b10001010,     0b00100011,     0b00010110,     0b01011011,     0b10001110,     0b11101011,     0b01001111,             //0-9
                                ^
./mbprocess.h(69): warning: binary integer literals are a GNU extension [-Wgnu-binary-literal]
                0b00110011,     0b00101111,     0b10001100,     0b10001010,     0b00100011,     0b00010110,     0b01011011,     0b10001110,     0b11101011,     0b01001111,             //0-9
                                                ^
./mbprocess.h(69): warning: binary integer literals are a GNU extension [-Wgnu-binary-literal]
                0b00110011,     0b00101111,     0b10001100,     0b10001010,     0b00100011,     0b00010110,     0b01011011,     0b10001110,     0b11101011,     0b01001111,             //0-9
                                                                ^
./mbprocess.h(69): warning: binary integer literals are a GNU extension [-Wgnu-binary-literal]
                0b00110011,     0b00101111,     0b10001100,     0b10001010,     0b00100011,     0b00010110,     0b01011011,     0b10001110,     0b11101011,     0b01001111,             //0-9
                                                                                ^
./mbprocess.h(69): warning: binary integer literals are a GNU extension [-Wgnu-binary-literal]
                0b00110011,     0b00101111,     0b10001100,     0b10001010,     0b00100011,     0b00010110,     0b01011011,     0b10001110,     0b11101011,     0b01001111,             //0-9
                                                                                                ^
./mbprocess.h(69): warning: binary integer literals are a GNU extension [-Wgnu-binary-literal]
                0b00110011,     0b00101111,     0b10001100,     0b10001010,     0b00100011,     0b00010110,     0b01011011,     0b10001110,     0b11101011,     0b01001111,             //0-9
                                                                                                                ^
./mbprocess.h(69): warning: binary integer literals are a GNU extension [-Wgnu-binary-literal]
                0b00110011,     0b00101111,     0b10001100,     0b10001010,     0b00100011,     0b00010110,     0b01011011,     0b10001110,     0b11101011,     0b01001111,             //0-9
                                                                                                                                ^
./mbprocess.h(69): warning: binary integer literals are a GNU extension [-Wgnu-binary-literal]
                0b00110011,     0b00101111,     0b10001100,     0b10001010,     0b00100011,     0b00010110,     0b01011011,     0b10001110,     0b11101011,     0b01001111,             //0-9
                                                                                                                                                ^
./mbprocess.h(69): warning: binary integer literals are a GNU extension [-Wgnu-binary-literal]
                0b00110011,     0b00101111,     0b10001100,     0b10001010,     0b00100011,     0b00010110,     0b01011011,     0b10001110,     0b11101011,     0b01001111,             //0-9
                                                                                                                                                                ^
./mbprocess.h(70): warning: binary integer literals are a GNU extension [-Wgnu-binary-literal]
                0b00000000,     0b11101001,     0b10011011,     0b11001111,     0b01001101,     0b00100110,     0b10001101,     0b11010111,     0b10011010,     0b11001101,             //10-19
                ^
./mbprocess.h(70): warning: binary integer literals are a GNU extension [-Wgnu-binary-literal]
                0b00000000,     0b11101001,     0b10011011,     0b11001111,     0b01001101,     0b00100110,     0b10001101,     0b11010111,     0b10011010,     0b11001101,             //10-19
                                ^
./mbprocess.h(70): warning: binary integer literals are a GNU extension [-Wgnu-binary-literal]
                0b00000000,     0b11101001,     0b10011011,     0b11001111,     0b01001101,     0b00100110,     0b10001101,     0b11010111,     0b10011010,     0b11001101,             //10-19
                                                ^
./mbprocess.h(70): warning: binary integer literals are a GNU extension [-Wgnu-binary-literal]
                0b00000000,     0b11101001,     0b10011011,     0b11001111,     0b01001101,     0b00100110,     0b10001101,     0b11010111,     0b10011010,     0b11001101,             //10-19
                                                                ^
./mbprocess.h(70): warning: binary integer literals are a GNU extension [-Wgnu-binary-literal]
                0b00000000,     0b11101001,     0b10011011,     0b11001111,     0b01001101,     0b00100110,     0b10001101,     0b11010111,     0b10011010,     0b11001101,             //10-19
                                                                                ^
./mbprocess.h(70): warning: binary integer literals are a GNU extension [-Wgnu-binary-literal]
                0b00000000,     0b11101001,     0b10011011,     0b11001111,     0b01001101,     0b00100110,     0b10001101,     0b11010111,     0b10011010,     0b11001101,             //10-19
                                                                                                ^
./mbprocess.h(70): warning: binary integer literals are a GNU extension [-Wgnu-binary-literal]
                0b00000000,     0b11101001,     0b10011011,     0b11001111,     0b01001101,     0b00100110,     0b10001101,     0b11010111,     0b10011010,     0b11001101,             //10-19
                                                                                                                ^
./mbprocess.h(70): warning: binary integer literals are a GNU extension [-Wgnu-binary-literal]
                0b00000000,     0b11101001,     0b10011011,     0b11001111,     0b01001101,     0b00100110,     0b10001101,     0b11010111,     0b10011010,     0b11001101,             //10-19
                                                                                                                                ^
./mbprocess.h(70): warning: binary integer literals are a GNU extension [-Wgnu-binary-literal]
                0b00000000,     0b11101001,     0b10011011,     0b11001111,     0b01001101,     0b00100110,     0b10001101,     0b11010111,     0b10011010,     0b11001101,             //10-19
                                                                                                                                                ^
./mbprocess.h(70): warning: binary integer literals are a GNU extension [-Wgnu-binary-literal]
                0b00000000,     0b11101001,     0b10011011,     0b11001111,     0b01001101,     0b00100110,     0b10001101,     0b11010111,     0b10011010,     0b11001101,             //10-19
                                                                                                                                                                ^
./mbprocess.h(71): warning: binary integer literals are a GNU extension [-Wgnu-binary-literal]
                0b11011011,     0b0100010,      0b01111001,     0b01111100,     0b01001101,     0b10000011,     0b01010110,     0b10000001,     0b11011110,     0b11110110,             //20-29
                ^
./mbprocess.h(71): warning: binary integer literals are a GNU extension [-Wgnu-binary-literal]
                0b11011011,     0b0100010,      0b01111001,     0b01111100,     0b01001101,     0b10000011,     0b01010110,     0b10000001,     0b11011110,     0b11110110,             //20-29
                                ^
./mbprocess.h(71): warning: binary integer literals are a GNU extension [-Wgnu-binary-literal]
                0b11011011,     0b0100010,      0b01111001,     0b01111100,     0b01001101,     0b10000011,     0b01010110,     0b10000001,     0b11011110,     0b11110110,             //20-29
                                                ^
./mbprocess.h(71): warning: binary integer literals are a GNU extension [-Wgnu-binary-literal]
                0b11011011,     0b0100010,      0b01111001,     0b01111100,     0b01001101,     0b10000011,     0b01010110,     0b10000001,     0b11011110,     0b11110110,             //20-29
                                                                ^
./mbprocess.h(71): warning: binary integer literals are a GNU extension [-Wgnu-binary-literal]
                0b11011011,     0b0100010,      0b01111001,     0b01111100,     0b01001101,     0b10000011,     0b01010110,     0b10000001,     0b11011110,     0b11110110,             //20-29
                                                                                ^
./mbprocess.h(71): warning: binary integer literals are a GNU extension [-Wgnu-binary-literal]
                0b11011011,     0b0100010,      0b01111001,     0b01111100,     0b01001101,     0b10000011,     0b01010110,     0b10000001,     0b11011110,     0b11110110,             //20-29
                                                                                                ^
./mbprocess.h(71): warning: binary integer literals are a GNU extension [-Wgnu-binary-literal]
                0b11011011,     0b0100010,      0b01111001,     0b01111100,     0b01001101,     0b10000011,     0b01010110,     0b10000001,     0b11011110,     0b11110110,             //20-29
                                                                                                                ^
./mbprocess.h(71): warning: binary integer literals are a GNU extension [-Wgnu-binary-literal]
                0b11011011,     0b0100010,      0b01111001,     0b01111100,     0b01001101,     0b10000011,     0b01010110,     0b10000001,     0b11011110,     0b11110110,             //20-29
                                                                                                                                ^
./mbprocess.h(71): warning: binary integer literals are a GNU extension [-Wgnu-binary-literal]
                0b11011011,     0b0100010,      0b01111001,     0b01111100,     0b01001101,     0b10000011,     0b01010110,     0b10000001,     0b11011110,     0b11110110,             //20-29
                                                                                                                                                ^
./mbprocess.h(71): warning: binary integer literals are a GNU extension [-Wgnu-binary-literal]
                0b11011011,     0b0100010,      0b01111001,     0b01111100,     0b01001101,     0b10000011,     0b01010110,     0b10000001,     0b11011110,     0b11110110,             //20-29
                                                                                                                                                                ^
./mbprocess.h(72): warning: binary integer literals are a GNU extension [-Wgnu-binary-literal]
                0b01110111,     0b0111010,      0b01111111,     0b00100101,     0b11111110,     0b00000001,     0b00000101,     0b01100100,     0b10110011,     0b10010000,             //30-39
                ^
./mbprocess.h(72): warning: binary integer literals are a GNU extension [-Wgnu-binary-literal]
                0b01110111,     0b0111010,      0b01111111,     0b00100101,     0b11111110,     0b00000001,     0b00000101,     0b01100100,     0b10110011,     0b10010000,             //30-39
                                ^
./mbprocess.h(72): warning: binary integer literals are a GNU extension [-Wgnu-binary-literal]
                0b01110111,     0b0111010,      0b01111111,     0b00100101,     0b11111110,     0b00000001,     0b00000101,     0b01100100,     0b10110011,     0b10010000,             //30-39
                                                ^
./mbprocess.h(72): warning: binary integer literals are a GNU extension [-Wgnu-binary-literal]
                0b01110111,     0b0111010,      0b01111111,     0b00100101,     0b11111110,     0b00000001,     0b00000101,     0b01100100,     0b10110011,     0b10010000,             //30-39
                                                                ^
./mbprocess.h(72): warning: binary integer literals are a GNU extension [-Wgnu-binary-literal]
                0b01110111,     0b0111010,      0b01111111,     0b00100101,     0b11111110,     0b00000001,     0b00000101,     0b01100100,     0b10110011,     0b10010000,             //30-39
                                                                                ^
./mbprocess.h(72): warning: binary integer literals are a GNU extension [-Wgnu-binary-literal]
                0b01110111,     0b0111010,      0b01111111,     0b00100101,     0b11111110,     0b00000001,     0b00000101,     0b01100100,     0b10110011,     0b10010000,             //30-39
                                                                                                ^
./mbprocess.h(72): warning: binary integer literals are a GNU extension [-Wgnu-binary-literal]
                0b01110111,     0b0111010,      0b01111111,     0b00100101,     0b11111110,     0b00000001,     0b00000101,     0b01100100,     0b10110011,     0b10010000,             //30-39
                                                                                                                ^
./mbprocess.h(72): warning: binary integer literals are a GNU extension [-Wgnu-binary-literal]
                0b01110111,     0b0111010,      0b01111111,     0b00100101,     0b11111110,     0b00000001,     0b00000101,     0b01100100,     0b10110011,     0b10010000,             //30-39
                                                                                                                                ^
./mbprocess.h(72): warning: binary integer literals are a GNU extension [-Wgnu-binary-literal]
                0b01110111,     0b0111010,      0b01111111,     0b00100101,     0b11111110,     0b00000001,     0b00000101,     0b01100100,     0b10110011,     0b10010000,             //30-39
                                                                                                                                                ^
./mbprocess.h(72): warning: binary integer literals are a GNU extension [-Wgnu-binary-literal]
                0b01110111,     0b0111010,      0b01111111,     0b00100101,     0b11111110,     0b00000001,     0b00000101,     0b01100100,     0b10110011,     0b10010000,             //30-39
                                                                                                                                                                ^
./mbprocess.h(73): warning: binary integer literals are a GNU extension [-Wgnu-binary-literal]
                0b11010110,     0b0010110,      0b01110101,     0b01011101,     0b01011010,     0b00011100,     0b11010110,     0b01111011,     0b10011110, 0b11111010          //40-49
                ^
./mbprocess.h(73): warning: binary integer literals are a GNU extension [-Wgnu-binary-literal]
                0b11010110,     0b0010110,      0b01110101,     0b01011101,     0b01011010,     0b00011100,     0b11010110,     0b01111011,     0b10011110, 0b11111010          //40-49
                                ^
./mbprocess.h(73): warning: binary integer literals are a GNU extension [-Wgnu-binary-literal]
                0b11010110,     0b0010110,      0b01110101,     0b01011101,     0b01011010,     0b00011100,     0b11010110,     0b01111011,     0b10011110, 0b11111010          //40-49
                                                ^
./mbprocess.h(73): warning: binary integer literals are a GNU extension [-Wgnu-binary-literal]
                0b11010110,     0b0010110,      0b01110101,     0b01011101,     0b01011010,     0b00011100,     0b11010110,     0b01111011,     0b10011110, 0b11111010          //40-49
                                                                ^
./mbprocess.h(73): warning: binary integer literals are a GNU extension [-Wgnu-binary-literal]
                0b11010110,     0b0010110,      0b01110101,     0b01011101,     0b01011010,     0b00011100,     0b11010110,     0b01111011,     0b10011110, 0b11111010          //40-49
                                                                                ^
./mbprocess.h(73): warning: binary integer literals are a GNU extension [-Wgnu-binary-literal]
                0b11010110,     0b0010110,      0b01110101,     0b01011101,     0b01011010,     0b00011100,     0b11010110,     0b01111011,     0b10011110, 0b11111010          //40-49
                                                                                                ^
./mbprocess.h(73): warning: binary integer literals are a GNU extension [-Wgnu-binary-literal]
                0b11010110,     0b0010110,      0b01110101,     0b01011101,     0b01011010,     0b00011100,     0b11010110,     0b01111011,     0b10011110, 0b11111010          //40-49
                                                                                                                ^
./mbprocess.h(73): warning: binary integer literals are a GNU extension [-Wgnu-binary-literal]
                0b11010110,     0b0010110,      0b01110101,     0b01011101,     0b01011010,     0b00011100,     0b11010110,     0b01111011,     0b10011110, 0b11111010          //40-49
                                                                                                                                ^
./mbprocess.h(73): warning: binary integer literals are a GNU extension [-Wgnu-binary-literal]
                0b11010110,     0b0010110,      0b01110101,     0b01011101,     0b01011010,     0b00011100,     0b11010110,     0b01111011,     0b10011110, 0b11111010          //40-49
                                                                                                                                                ^
./mbprocess.h(73): warning: binary integer literals are a GNU extension [-Wgnu-binary-literal]
                0b11010110,     0b0010110,      0b01110101,     0b01011101,     0b01011010,     0b00011100,     0b11010110,     0b01111011,     0b10011110, 0b11111010          //40-49
                                                                                                                                                            ^
./mbprocess.h(74): warning: no newline at end of file [-Wnewline-eof]
};
  ^
mbprocess.c(105): warning: implicit conversion loses integer precision: 'unsigned int' to 'unsigned char' [-Wimplicit-int-conversion]
                        AppendCRCtoMBRegister(3+RegCount*2);
                        ~~~~~~~~~~~~~~~~~~~~~ ~^~~~~~~~~~~
mbprocess.c(130): warning: implicit conversion loses integer precision: 'unsigned int' to 'unsigned char' [-Wimplicit-int-conversion]
                                                                        ?(BitCount/8u)
                                                                          ~~~~~~~~^~~
mbprocess.c(131): warning: implicit conversion loses integer precision: 'unsigned int' to 'unsigned char' [-Wimplicit-int-conversion]
                                                                        :((BitCount/8u)+1u)));
                                                                          ~~~~~~~~~~~~~^~~
mbprocess.c(121): warning: no previous prototype for function 'MBProcessBits' [-Wmissing-prototypes]
void MBProcessBits(unsigned char *InArr, unsigned int InArrSize)
     ^
mbprocess.c(121): note: declare 'static' if the function is not intended to be used outside of this translation unit
void MBProcessBits(unsigned char *InArr, unsigned int InArrSize)
^
static 
mbprocess.c(204): warning: implicit conversion loses integer precision: 'unsigned int' to 'unsigned short' [-Wimplicit-int-conversion]
                                unsigned int crcvalue = CRC16(data_in,(CharCount - 2));
                                                        ~~~~~          ~~~~~~~~~~^~~
mbprocess.c(248): warning: no newline at end of file [-Wnewline-eof]
}
 ^
mbprocess.c(218): warning: unannotated fall-through between switch labels [-Wimplicit-fallthrough]
                                case 0x02:
                                ^
mbprocess.c(218): note: insert '__attribute__((fallthrough));' to silence this warning
                                case 0x02:
                                ^
                                __attribute__((fallthrough)); 
mbprocess.c(218): note: insert 'break;' to avoid fall-through
                                case 0x02:
                                ^
                                break; 
mbprocess.c(15): warning: no previous extern declaration for non-static variable 'MY_SLAVE_ID' [-Wmissing-variable-declarations]
 unsigned char MY_SLAVE_ID;
               ^
mbprocess.c(15): note: declare 'static' if the variable is not intended to be used outside of this translation unit
 unsigned char MY_SLAVE_ID;
 ^
mbprocess.c(17): warning: no previous extern declaration for non-static variable 'TotalCharReceived' [-Wmissing-variable-declarations]
 volatile unsigned TotalCharReceived;
                   ^
mbprocess.c(17): note: declare 'static' if the variable is not intended to be used outside of this translation unit
 volatile unsigned TotalCharReceived;
          ^
110 warnings generated.
compiling mbprocess.c...
linking...
Program Size: Code=1852 RO-data=996 RW-data=900 ZI-data=1904  
".\Objects\modbus-rtu-keil.axf" - 0 Error(s), 213 Warning(s).

<h2>Software Packages used:</h2>

Package Vendor: ARM
                http://www.keil.com/pack/ARM.CMSIS.5.8.0.pack
                ARM.CMSIS.5.8.0
                CMSIS (Common Microcontroller Software Interface Standard)
   * Component: CORE Version: 5.5.0

Package Vendor: Keil
                http://www.keil.com/pack/Keil.STM32F4xx_DFP.2.16.0.pack
                Keil.STM32F4xx_DFP.2.16.0
                STMicroelectronics STM32F4 Series Device Support, Drivers and Examples
   * Component: Startup Version: 2.6.3

<h2>Collection of Component include folders:</h2>
  .\RTE\_stm32f446re
  C:\Users\A2012521\AppData\Local\Arm\Packs\ARM\CMSIS\5.8.0\CMSIS\Core\Include
  C:\Users\A2012521\AppData\Local\Arm\Packs\Keil\STM32F4xx_DFP\2.16.0\Drivers\CMSIS\Device\ST\STM32F4xx\Include

<h2>Collection of Component Files used:</h2>

   * Component: ARM::CMSIS:CORE:5.5.0

   * Component: Keil::Device:Startup:2.6.3
      Source file:   MDK\Device\Source\ARM\STM32F4xx_OTP.s
      Include file:  Drivers\CMSIS\Device\ST\STM32F4xx\Include\stm32f4xx.h
      Source file:   MDK\Device\Source\ARM\STM32F446xx_OPT.s
      Source file:   Drivers\CMSIS\Device\ST\STM32F4xx\Source\Templates\arm\startup_stm32f446xx.s
      Source file:   Drivers\CMSIS\Device\ST\STM32F4xx\Source\Templates\system_stm32f4xx.c
Build Time Elapsed:  00:00:02
</pre>
</body>
</html>
