../Core/Src/main.c:61:14:MBRegisterCount	4	static
../Core/Src/main.c:66:6:AppendDatatoMBRegister	32	static
../Core/Src/main.c:75:14:MBStartAddress	4	static
../Core/Src/main.c:80:6:MBSendData	24	static
../Core/Src/main.c:89:6:AppendCRCtoMBRegister	24	static
../Core/Src/main.c:99:6:MBException	16	static
../Core/Src/main.c:105:6:MBProcessRegisters	32	static
../Core/Src/main.c:154:5:main	8	static
../Core/Src/main.c:220:6:SystemClock_Config	88	static
../Core/Src/main.c:268:13:MX_USART2_UART_Init	8	static
../Core/Src/main.c:302:13:MX_GPIO_Init	48	static
../Core/Src/main.c:338:6:Error_Handler	4	static,ignoring_inline_asm
