<html>
<body>
<pre>
<h1>µVision Build Log</h1>
<h2>Tool Versions:</h2>
IDE-Version: µVision V5.36.0.0
Copyright (C) 2021 ARM Ltd and ARM Germany GmbH. All rights reserved.
License Information: Abdi A2012521, Own, LIC=----
 
Tool Versions:
Toolchain:       MDK-Lite  Version: 5.36.0.0
Toolchain Path:  C:\Keil_v5\ARM\ARMCLANG\Bin
C Compiler:      ArmClang.exe V6.16
Assembler:       Armasm.exe V6.16
Linker/Locator:  ArmLink.exe V6.16
Library Manager: ArmAr.exe V6.16
Hex Converter:   FromElf.exe V6.16
CPU DLL:         SARMCM3.DLL V5.36.0.0
Dialog DLL:      DCM.DLL V1.17.3.0
Target DLL:      STLink\ST-LINKIII-KEIL_SWO.dll V3.0.9.0
Dialog DLL:      TCM.DLL V1.53.0.0
 
<h2>Project:</h2>
C:\CodeLib\ARM-Cortex4-STMF4\EmbededArmSTMprojects\Peripheral Drivers\keil_21_I2C_accelerometer\keil_21_I2C_accelerometer.uvprojx
Project File Date:  05/26/2022

<h2>Output:</h2>
*** Using Compiler 'V6.16', folder: 'C:\Keil_v5\ARM\ARMCLANG\Bin'
Rebuild target 'keil_21_I2C_accelerometer'
assembling startup_stm32f446xx.s...
main.c(19): warning: In file included from...
./mpu6050.h(45): warning: no newline at end of file [-Wnewline-eof]
void check_device(uint16_t sadd);
                                 ^
1 warning generated.
compiling main.c...
compiling gpio.c...
mpu_6050.c(13): warning: In file included from...
./mpu6050.h(45): warning: no newline at end of file [-Wnewline-eof]
void check_device(uint16_t sadd);
                                 ^
mpu_6050.c(47): warning: implicitly declaring library function 'printf' with type 'int (const char *, ...)' [-Wimplicit-function-declaration]
                printf("Device Found %x\r\n", data      ); 
                ^
mpu_6050.c(47): note: include the header <stdio.h> or explicitly provide a declaration for 'printf'
mpu_6050.c(79): warning: no newline at end of file [-Wnewline-eof]
}
 ^
3 warnings generated.
compiling mpu_6050.c...
compiling system_stm32f4xx.c...
uart.c(50): warning: unused parameter 'stream' [-Wunused-parameter]
int fputc(int ch , FILE * stream)
                          ^
1 warning generated.
compiling uart.c...
compiling i2c.c...
linking...
Program Size: Code=1952 RO-data=508 RW-data=0 ZI-data=1728  
".\Objects\keil_6_uart_printf.axf" - 0 Error(s), 5 Warning(s).

<h2>Software Packages used:</h2>

Package Vendor: ARM
                http://www.keil.com/pack/ARM.CMSIS.5.8.0.pack
                ARM.CMSIS.5.8.0
                CMSIS (Common Microcontroller Software Interface Standard)
   * Component: CORE Version: 5.5.0

Package Vendor: Keil
                http://www.keil.com/pack/Keil.STM32F4xx_DFP.2.16.0.pack
                Keil.STM32F4xx_DFP.2.16.0
                STMicroelectronics STM32F4 Series Device Support, Drivers and Examples
   * Component: Startup Version: 2.6.3

<h2>Collection of Component include folders:</h2>
  .\RTE\_keil_21_I2C_accelerometer
  C:\Users\A2012521\AppData\Local\Arm\Packs\ARM\CMSIS\5.8.0\CMSIS\Core\Include
  C:\Users\A2012521\AppData\Local\Arm\Packs\Keil\STM32F4xx_DFP\2.16.0\Drivers\CMSIS\Device\ST\STM32F4xx\Include

<h2>Collection of Component Files used:</h2>

   * Component: ARM::CMSIS:CORE:5.5.0

   * Component: Keil::Device:Startup:2.6.3
      Source file:   MDK\Device\Source\ARM\STM32F446xx_OPT.s
      Source file:   MDK\Device\Source\ARM\STM32F4xx_OTP.s
      Include file:  Drivers\CMSIS\Device\ST\STM32F4xx\Include\stm32f4xx.h
      Source file:   Drivers\CMSIS\Device\ST\STM32F4xx\Source\Templates\arm\startup_stm32f446xx.s
      Source file:   Drivers\CMSIS\Device\ST\STM32F4xx\Source\Templates\system_stm32f4xx.c
Build Time Elapsed:  00:00:00
</pre>
</body>
</html>
