12:12:56 **** Incremental Build of configuration Debug for project freeRTOS_Project ****
make -j16 all 
arm-none-eabi-gcc "../Drivers/STM32F4xx_HAL_Driver/Src/stm32f4xx_hal.c" -mcpu=cortex-m4 -std=gnu11 -g3 -DDEBUG -DUSE_HAL_DRIVER -DSTM32F446xx -c -I../Core/Inc -I"C:/CodeLib/ARM-Cortex4-STMF4/EmbededArmSTMprojects/FreeRTOS/freeRTOS_Project/ThirdParty/FreeRTOS" -I"C:/CodeLib/ARM-Cortex4-STMF4/EmbededArmSTMprojects/FreeRTOS/freeRTOS_Project/ThirdParty/FreeRTOS/include" -I"C:/CodeLib/ARM-Cortex4-STMF4/EmbededArmSTMprojects/FreeRTOS/freeRTOS_Project/ThirdParty/FreeRTOS/portable/GCC/ARM_CM4F" -I../Drivers/STM32F4xx_HAL_Driver/Inc -I../Drivers/STM32F4xx_HAL_Driver/Inc/Legacy -I../Drivers/CMSIS/Device/ST/STM32F4xx/Include -I../Drivers/CMSIS/Include -O0 -ffunction-sections -fdata-sections -Wall -fstack-usage -MMD -MP -MF"Drivers/STM32F4xx_HAL_Driver/Src/stm32f4xx_hal.d" -MT"Drivers/STM32F4xx_HAL_Driver/Src/stm32f4xx_hal.o" --specs=nano.specs -mfpu=fpv4-sp-d16 -mfloat-abi=hard -mthumb -o "Drivers/STM32F4xx_HAL_Driver/Src/stm32f4xx_hal.o"
arm-none-eabi-gcc "../Drivers/STM32F4xx_HAL_Driver/Src/stm32f4xx_hal_cortex.c" -mcpu=cortex-m4 -std=gnu11 -g3 -DDEBUG -DUSE_HAL_DRIVER -DSTM32F446xx -c -I../Core/Inc -I"C:/CodeLib/ARM-Cortex4-STMF4/EmbededArmSTMprojects/FreeRTOS/freeRTOS_Project/ThirdParty/FreeRTOS" -I"C:/CodeLib/ARM-Cortex4-STMF4/EmbededArmSTMprojects/FreeRTOS/freeRTOS_Project/ThirdParty/FreeRTOS/include" -I"C:/CodeLib/ARM-Cortex4-STMF4/EmbededArmSTMprojects/FreeRTOS/freeRTOS_Project/ThirdParty/FreeRTOS/portable/GCC/ARM_CM4F" -I../Drivers/STM32F4xx_HAL_Driver/Inc -I../Drivers/STM32F4xx_HAL_Driver/Inc/Legacy -I../Drivers/CMSIS/Device/ST/STM32F4xx/Include -I../Drivers/CMSIS/Include -O0 -ffunction-sections -fdata-sections -Wall -fstack-usage -MMD -MP -MF"Drivers/STM32F4xx_HAL_Driver/Src/stm32f4xx_hal_cortex.d" -MT"Drivers/STM32F4xx_HAL_Driver/Src/stm32f4xx_hal_cortex.o" --specs=nano.specs -mfpu=fpv4-sp-d16 -mfloat-abi=hard -mthumb -o "Drivers/STM32F4xx_HAL_Driver/Src/stm32f4xx_hal_cortex.o"
arm-none-eabi-gcc "../Drivers/STM32F4xx_HAL_Driver/Src/stm32f4xx_hal_dma.c" -mcpu=cortex-m4 -std=gnu11 -g3 -DDEBUG -DUSE_HAL_DRIVER -DSTM32F446xx -c -I../Core/Inc -I"C:/CodeLib/ARM-Cortex4-STMF4/EmbededArmSTMprojects/FreeRTOS/freeRTOS_Project/ThirdParty/FreeRTOS" -I"C:/CodeLib/ARM-Cortex4-STMF4/EmbededArmSTMprojects/FreeRTOS/freeRTOS_Project/ThirdParty/FreeRTOS/include" -I"C:/CodeLib/ARM-Cortex4-STMF4/EmbededArmSTMprojects/FreeRTOS/freeRTOS_Project/ThirdParty/FreeRTOS/portable/GCC/ARM_CM4F" -I../Drivers/STM32F4xx_HAL_Driver/Inc -I../Drivers/STM32F4xx_HAL_Driver/Inc/Legacy -I../Drivers/CMSIS/Device/ST/STM32F4xx/Include -I../Drivers/CMSIS/Include -O0 -ffunction-sections -fdata-sections -Wall -fstack-usage -MMD -MP -MF"Drivers/STM32F4xx_HAL_Driver/Src/stm32f4xx_hal_dma.d" -MT"Drivers/STM32F4xx_HAL_Driver/Src/stm32f4xx_hal_dma.o" --specs=nano.specs -mfpu=fpv4-sp-d16 -mfloat-abi=hard -mthumb -o "Drivers/STM32F4xx_HAL_Driver/Src/stm32f4xx_hal_dma.o"
arm-none-eabi-gcc "../Drivers/STM32F4xx_HAL_Driver/Src/stm32f4xx_hal_dma_ex.c" -mcpu=cortex-m4 -std=gnu11 -g3 -DDEBUG -DUSE_HAL_DRIVER -DSTM32F446xx -c -I../Core/Inc -I"C:/CodeLib/ARM-Cortex4-STMF4/EmbededArmSTMprojects/FreeRTOS/freeRTOS_Project/ThirdParty/FreeRTOS" -I"C:/CodeLib/ARM-Cortex4-STMF4/EmbededArmSTMprojects/FreeRTOS/freeRTOS_Project/ThirdParty/FreeRTOS/include" -I"C:/CodeLib/ARM-Cortex4-STMF4/EmbededArmSTMprojects/FreeRTOS/freeRTOS_Project/ThirdParty/FreeRTOS/portable/GCC/ARM_CM4F" -I../Drivers/STM32F4xx_HAL_Driver/Inc -I../Drivers/STM32F4xx_HAL_Driver/Inc/Legacy -I../Drivers/CMSIS/Device/ST/STM32F4xx/Include -I../Drivers/CMSIS/Include -O0 -ffunction-sections -fdata-sections -Wall -fstack-usage -MMD -MP -MF"Drivers/STM32F4xx_HAL_Driver/Src/stm32f4xx_hal_dma_ex.d" -MT"Drivers/STM32F4xx_HAL_Driver/Src/stm32f4xx_hal_dma_ex.o" --specs=nano.specs -mfpu=fpv4-sp-d16 -mfloat-abi=hard -mthumb -o "Drivers/STM32F4xx_HAL_Driver/Src/stm32f4xx_hal_dma_ex.o"
arm-none-eabi-gcc "../Drivers/STM32F4xx_HAL_Driver/Src/stm32f4xx_hal_exti.c" -mcpu=cortex-m4 -std=gnu11 -g3 -DDEBUG -DUSE_HAL_DRIVER -DSTM32F446xx -c -I../Core/Inc -I"C:/CodeLib/ARM-Cortex4-STMF4/EmbededArmSTMprojects/FreeRTOS/freeRTOS_Project/ThirdParty/FreeRTOS" -I"C:/CodeLib/ARM-Cortex4-STMF4/EmbededArmSTMprojects/FreeRTOS/freeRTOS_Project/ThirdParty/FreeRTOS/include" -I"C:/CodeLib/ARM-Cortex4-STMF4/EmbededArmSTMprojects/FreeRTOS/freeRTOS_Project/ThirdParty/FreeRTOS/portable/GCC/ARM_CM4F" -I../Drivers/STM32F4xx_HAL_Driver/Inc -I../Drivers/STM32F4xx_HAL_Driver/Inc/Legacy -I../Drivers/CMSIS/Device/ST/STM32F4xx/Include -I../Drivers/CMSIS/Include -O0 -ffunction-sections -fdata-sections -Wall -fstack-usage -MMD -MP -MF"Drivers/STM32F4xx_HAL_Driver/Src/stm32f4xx_hal_exti.d" -MT"Drivers/STM32F4xx_HAL_Driver/Src/stm32f4xx_hal_exti.o" --specs=nano.specs -mfpu=fpv4-sp-d16 -mfloat-abi=hard -mthumb -o "Drivers/STM32F4xx_HAL_Driver/Src/stm32f4xx_hal_exti.o"
arm-none-eabi-gcc "../Drivers/STM32F4xx_HAL_Driver/Src/stm32f4xx_hal_flash.c" -mcpu=cortex-m4 -std=gnu11 -g3 -DDEBUG -DUSE_HAL_DRIVER -DSTM32F446xx -c -I../Core/Inc -I"C:/CodeLib/ARM-Cortex4-STMF4/EmbededArmSTMprojects/FreeRTOS/freeRTOS_Project/ThirdParty/FreeRTOS" -I"C:/CodeLib/ARM-Cortex4-STMF4/EmbededArmSTMprojects/FreeRTOS/freeRTOS_Project/ThirdParty/FreeRTOS/include" -I"C:/CodeLib/ARM-Cortex4-STMF4/EmbededArmSTMprojects/FreeRTOS/freeRTOS_Project/ThirdParty/FreeRTOS/portable/GCC/ARM_CM4F" -I../Drivers/STM32F4xx_HAL_Driver/Inc -I../Drivers/STM32F4xx_HAL_Driver/Inc/Legacy -I../Drivers/CMSIS/Device/ST/STM32F4xx/Include -I../Drivers/CMSIS/Include -O0 -ffunction-sections -fdata-sections -Wall -fstack-usage -MMD -MP -MF"Drivers/STM32F4xx_HAL_Driver/Src/stm32f4xx_hal_flash.d" -MT"Drivers/STM32F4xx_HAL_Driver/Src/stm32f4xx_hal_flash.o" --specs=nano.specs -mfpu=fpv4-sp-d16 -mfloat-abi=hard -mthumb -o "Drivers/STM32F4xx_HAL_Driver/Src/stm32f4xx_hal_flash.o"
arm-none-eabi-gcc "../Drivers/STM32F4xx_HAL_Driver/Src/stm32f4xx_hal_flash_ex.c" -mcpu=cortex-m4 -std=gnu11 -g3 -DDEBUG -DUSE_HAL_DRIVER -DSTM32F446xx -c -I../Core/Inc -I"C:/CodeLib/ARM-Cortex4-STMF4/EmbededArmSTMprojects/FreeRTOS/freeRTOS_Project/ThirdParty/FreeRTOS" -I"C:/CodeLib/ARM-Cortex4-STMF4/EmbededArmSTMprojects/FreeRTOS/freeRTOS_Project/ThirdParty/FreeRTOS/include" -I"C:/CodeLib/ARM-Cortex4-STMF4/EmbededArmSTMprojects/FreeRTOS/freeRTOS_Project/ThirdParty/FreeRTOS/portable/GCC/ARM_CM4F" -I../Drivers/STM32F4xx_HAL_Driver/Inc -I../Drivers/STM32F4xx_HAL_Driver/Inc/Legacy -I../Drivers/CMSIS/Device/ST/STM32F4xx/Include -I../Drivers/CMSIS/Include -O0 -ffunction-sections -fdata-sections -Wall -fstack-usage -MMD -MP -MF"Drivers/STM32F4xx_HAL_Driver/Src/stm32f4xx_hal_flash_ex.d" -MT"Drivers/STM32F4xx_HAL_Driver/Src/stm32f4xx_hal_flash_ex.o" --specs=nano.specs -mfpu=fpv4-sp-d16 -mfloat-abi=hard -mthumb -o "Drivers/STM32F4xx_HAL_Driver/Src/stm32f4xx_hal_flash_ex.o"
arm-none-eabi-gcc "../Drivers/STM32F4xx_HAL_Driver/Src/stm32f4xx_hal_flash_ramfunc.c" -mcpu=cortex-m4 -std=gnu11 -g3 -DDEBUG -DUSE_HAL_DRIVER -DSTM32F446xx -c -I../Core/Inc -I"C:/CodeLib/ARM-Cortex4-STMF4/EmbededArmSTMprojects/FreeRTOS/freeRTOS_Project/ThirdParty/FreeRTOS" -I"C:/CodeLib/ARM-Cortex4-STMF4/EmbededArmSTMprojects/FreeRTOS/freeRTOS_Project/ThirdParty/FreeRTOS/include" -I"C:/CodeLib/ARM-Cortex4-STMF4/EmbededArmSTMprojects/FreeRTOS/freeRTOS_Project/ThirdParty/FreeRTOS/portable/GCC/ARM_CM4F" -I../Drivers/STM32F4xx_HAL_Driver/Inc -I../Drivers/STM32F4xx_HAL_Driver/Inc/Legacy -I../Drivers/CMSIS/Device/ST/STM32F4xx/Include -I../Drivers/CMSIS/Include -O0 -ffunction-sections -fdata-sections -Wall -fstack-usage -MMD -MP -MF"Drivers/STM32F4xx_HAL_Driver/Src/stm32f4xx_hal_flash_ramfunc.d" -MT"Drivers/STM32F4xx_HAL_Driver/Src/stm32f4xx_hal_flash_ramfunc.o" --specs=nano.specs -mfpu=fpv4-sp-d16 -mfloat-abi=hard -mthumb -o "Drivers/STM32F4xx_HAL_Driver/Src/stm32f4xx_hal_flash_ramfunc.o"
arm-none-eabi-gcc "../Drivers/STM32F4xx_HAL_Driver/Src/stm32f4xx_hal_gpio.c" -mcpu=cortex-m4 -std=gnu11 -g3 -DDEBUG -DUSE_HAL_DRIVER -DSTM32F446xx -c -I../Core/Inc -I"C:/CodeLib/ARM-Cortex4-STMF4/EmbededArmSTMprojects/FreeRTOS/freeRTOS_Project/ThirdParty/FreeRTOS" -I"C:/CodeLib/ARM-Cortex4-STMF4/EmbededArmSTMprojects/FreeRTOS/freeRTOS_Project/ThirdParty/FreeRTOS/include" -I"C:/CodeLib/ARM-Cortex4-STMF4/EmbededArmSTMprojects/FreeRTOS/freeRTOS_Project/ThirdParty/FreeRTOS/portable/GCC/ARM_CM4F" -I../Drivers/STM32F4xx_HAL_Driver/Inc -I../Drivers/STM32F4xx_HAL_Driver/Inc/Legacy -I../Drivers/CMSIS/Device/ST/STM32F4xx/Include -I../Drivers/CMSIS/Include -O0 -ffunction-sections -fdata-sections -Wall -fstack-usage -MMD -MP -MF"Drivers/STM32F4xx_HAL_Driver/Src/stm32f4xx_hal_gpio.d" -MT"Drivers/STM32F4xx_HAL_Driver/Src/stm32f4xx_hal_gpio.o" --specs=nano.specs -mfpu=fpv4-sp-d16 -mfloat-abi=hard -mthumb -o "Drivers/STM32F4xx_HAL_Driver/Src/stm32f4xx_hal_gpio.o"
arm-none-eabi-gcc "../Drivers/STM32F4xx_HAL_Driver/Src/stm32f4xx_hal_pwr.c" -mcpu=cortex-m4 -std=gnu11 -g3 -DDEBUG -DUSE_HAL_DRIVER -DSTM32F446xx -c -I../Core/Inc -I"C:/CodeLib/ARM-Cortex4-STMF4/EmbededArmSTMprojects/FreeRTOS/freeRTOS_Project/ThirdParty/FreeRTOS" -I"C:/CodeLib/ARM-Cortex4-STMF4/EmbededArmSTMprojects/FreeRTOS/freeRTOS_Project/ThirdParty/FreeRTOS/include" -I"C:/CodeLib/ARM-Cortex4-STMF4/EmbededArmSTMprojects/FreeRTOS/freeRTOS_Project/ThirdParty/FreeRTOS/portable/GCC/ARM_CM4F" -I../Drivers/STM32F4xx_HAL_Driver/Inc -I../Drivers/STM32F4xx_HAL_Driver/Inc/Legacy -I../Drivers/CMSIS/Device/ST/STM32F4xx/Include -I../Drivers/CMSIS/Include -O0 -ffunction-sections -fdata-sections -Wall -fstack-usage -MMD -MP -MF"Drivers/STM32F4xx_HAL_Driver/Src/stm32f4xx_hal_pwr.d" -MT"Drivers/STM32F4xx_HAL_Driver/Src/stm32f4xx_hal_pwr.o" --specs=nano.specs -mfpu=fpv4-sp-d16 -mfloat-abi=hard -mthumb -o "Drivers/STM32F4xx_HAL_Driver/Src/stm32f4xx_hal_pwr.o"
arm-none-eabi-gcc "../Drivers/STM32F4xx_HAL_Driver/Src/stm32f4xx_hal_pwr_ex.c" -mcpu=cortex-m4 -std=gnu11 -g3 -DDEBUG -DUSE_HAL_DRIVER -DSTM32F446xx -c -I../Core/Inc -I"C:/CodeLib/ARM-Cortex4-STMF4/EmbededArmSTMprojects/FreeRTOS/freeRTOS_Project/ThirdParty/FreeRTOS" -I"C:/CodeLib/ARM-Cortex4-STMF4/EmbededArmSTMprojects/FreeRTOS/freeRTOS_Project/ThirdParty/FreeRTOS/include" -I"C:/CodeLib/ARM-Cortex4-STMF4/EmbededArmSTMprojects/FreeRTOS/freeRTOS_Project/ThirdParty/FreeRTOS/portable/GCC/ARM_CM4F" -I../Drivers/STM32F4xx_HAL_Driver/Inc -I../Drivers/STM32F4xx_HAL_Driver/Inc/Legacy -I../Drivers/CMSIS/Device/ST/STM32F4xx/Include -I../Drivers/CMSIS/Include -O0 -ffunction-sections -fdata-sections -Wall -fstack-usage -MMD -MP -MF"Drivers/STM32F4xx_HAL_Driver/Src/stm32f4xx_hal_pwr_ex.d" -MT"Drivers/STM32F4xx_HAL_Driver/Src/stm32f4xx_hal_pwr_ex.o" --specs=nano.specs -mfpu=fpv4-sp-d16 -mfloat-abi=hard -mthumb -o "Drivers/STM32F4xx_HAL_Driver/Src/stm32f4xx_hal_pwr_ex.o"
arm-none-eabi-gcc "../Drivers/STM32F4xx_HAL_Driver/Src/stm32f4xx_hal_rcc.c" -mcpu=cortex-m4 -std=gnu11 -g3 -DDEBUG -DUSE_HAL_DRIVER -DSTM32F446xx -c -I../Core/Inc -I"C:/CodeLib/ARM-Cortex4-STMF4/EmbededArmSTMprojects/FreeRTOS/freeRTOS_Project/ThirdParty/FreeRTOS" -I"C:/CodeLib/ARM-Cortex4-STMF4/EmbededArmSTMprojects/FreeRTOS/freeRTOS_Project/ThirdParty/FreeRTOS/include" -I"C:/CodeLib/ARM-Cortex4-STMF4/EmbededArmSTMprojects/FreeRTOS/freeRTOS_Project/ThirdParty/FreeRTOS/portable/GCC/ARM_CM4F" -I../Drivers/STM32F4xx_HAL_Driver/Inc -I../Drivers/STM32F4xx_HAL_Driver/Inc/Legacy -I../Drivers/CMSIS/Device/ST/STM32F4xx/Include -I../Drivers/CMSIS/Include -O0 -ffunction-sections -fdata-sections -Wall -fstack-usage -MMD -MP -MF"Drivers/STM32F4xx_HAL_Driver/Src/stm32f4xx_hal_rcc.d" -MT"Drivers/STM32F4xx_HAL_Driver/Src/stm32f4xx_hal_rcc.o" --specs=nano.specs -mfpu=fpv4-sp-d16 -mfloat-abi=hard -mthumb -o "Drivers/STM32F4xx_HAL_Driver/Src/stm32f4xx_hal_rcc.o"
arm-none-eabi-gcc "../Drivers/STM32F4xx_HAL_Driver/Src/stm32f4xx_hal_rcc_ex.c" -mcpu=cortex-m4 -std=gnu11 -g3 -DDEBUG -DUSE_HAL_DRIVER -DSTM32F446xx -c -I../Core/Inc -I"C:/CodeLib/ARM-Cortex4-STMF4/EmbededArmSTMprojects/FreeRTOS/freeRTOS_Project/ThirdParty/FreeRTOS" -I"C:/CodeLib/ARM-Cortex4-STMF4/EmbededArmSTMprojects/FreeRTOS/freeRTOS_Project/ThirdParty/FreeRTOS/include" -I"C:/CodeLib/ARM-Cortex4-STMF4/EmbededArmSTMprojects/FreeRTOS/freeRTOS_Project/ThirdParty/FreeRTOS/portable/GCC/ARM_CM4F" -I../Drivers/STM32F4xx_HAL_Driver/Inc -I../Drivers/STM32F4xx_HAL_Driver/Inc/Legacy -I../Drivers/CMSIS/Device/ST/STM32F4xx/Include -I../Drivers/CMSIS/Include -O0 -ffunction-sections -fdata-sections -Wall -fstack-usage -MMD -MP -MF"Drivers/STM32F4xx_HAL_Driver/Src/stm32f4xx_hal_rcc_ex.d" -MT"Drivers/STM32F4xx_HAL_Driver/Src/stm32f4xx_hal_rcc_ex.o" --specs=nano.specs -mfpu=fpv4-sp-d16 -mfloat-abi=hard -mthumb -o "Drivers/STM32F4xx_HAL_Driver/Src/stm32f4xx_hal_rcc_ex.o"
arm-none-eabi-gcc "../Drivers/STM32F4xx_HAL_Driver/Src/stm32f4xx_hal_tim.c" -mcpu=cortex-m4 -std=gnu11 -g3 -DDEBUG -DUSE_HAL_DRIVER -DSTM32F446xx -c -I../Core/Inc -I"C:/CodeLib/ARM-Cortex4-STMF4/EmbededArmSTMprojects/FreeRTOS/freeRTOS_Project/ThirdParty/FreeRTOS" -I"C:/CodeLib/ARM-Cortex4-STMF4/EmbededArmSTMprojects/FreeRTOS/freeRTOS_Project/ThirdParty/FreeRTOS/include" -I"C:/CodeLib/ARM-Cortex4-STMF4/EmbededArmSTMprojects/FreeRTOS/freeRTOS_Project/ThirdParty/FreeRTOS/portable/GCC/ARM_CM4F" -I../Drivers/STM32F4xx_HAL_Driver/Inc -I../Drivers/STM32F4xx_HAL_Driver/Inc/Legacy -I../Drivers/CMSIS/Device/ST/STM32F4xx/Include -I../Drivers/CMSIS/Include -O0 -ffunction-sections -fdata-sections -Wall -fstack-usage -MMD -MP -MF"Drivers/STM32F4xx_HAL_Driver/Src/stm32f4xx_hal_tim.d" -MT"Drivers/STM32F4xx_HAL_Driver/Src/stm32f4xx_hal_tim.o" --specs=nano.specs -mfpu=fpv4-sp-d16 -mfloat-abi=hard -mthumb -o "Drivers/STM32F4xx_HAL_Driver/Src/stm32f4xx_hal_tim.o"
arm-none-eabi-gcc "../Drivers/STM32F4xx_HAL_Driver/Src/stm32f4xx_hal_tim_ex.c" -mcpu=cortex-m4 -std=gnu11 -g3 -DDEBUG -DUSE_HAL_DRIVER -DSTM32F446xx -c -I../Core/Inc -I"C:/CodeLib/ARM-Cortex4-STMF4/EmbededArmSTMprojects/FreeRTOS/freeRTOS_Project/ThirdParty/FreeRTOS" -I"C:/CodeLib/ARM-Cortex4-STMF4/EmbededArmSTMprojects/FreeRTOS/freeRTOS_Project/ThirdParty/FreeRTOS/include" -I"C:/CodeLib/ARM-Cortex4-STMF4/EmbededArmSTMprojects/FreeRTOS/freeRTOS_Project/ThirdParty/FreeRTOS/portable/GCC/ARM_CM4F" -I../Drivers/STM32F4xx_HAL_Driver/Inc -I../Drivers/STM32F4xx_HAL_Driver/Inc/Legacy -I../Drivers/CMSIS/Device/ST/STM32F4xx/Include -I../Drivers/CMSIS/Include -O0 -ffunction-sections -fdata-sections -Wall -fstack-usage -MMD -MP -MF"Drivers/STM32F4xx_HAL_Driver/Src/stm32f4xx_hal_tim_ex.d" -MT"Drivers/STM32F4xx_HAL_Driver/Src/stm32f4xx_hal_tim_ex.o" --specs=nano.specs -mfpu=fpv4-sp-d16 -mfloat-abi=hard -mthumb -o "Drivers/STM32F4xx_HAL_Driver/Src/stm32f4xx_hal_tim_ex.o"
arm-none-eabi-gcc "../Core/Src/main.c" -mcpu=cortex-m4 -std=gnu11 -g3 -DDEBUG -DUSE_HAL_DRIVER -DSTM32F446xx -c -I../Core/Inc -I"C:/CodeLib/ARM-Cortex4-STMF4/EmbededArmSTMprojects/FreeRTOS/freeRTOS_Project/ThirdParty/FreeRTOS" -I"C:/CodeLib/ARM-Cortex4-STMF4/EmbededArmSTMprojects/FreeRTOS/freeRTOS_Project/ThirdParty/FreeRTOS/include" -I"C:/CodeLib/ARM-Cortex4-STMF4/EmbededArmSTMprojects/FreeRTOS/freeRTOS_Project/ThirdParty/FreeRTOS/portable/GCC/ARM_CM4F" -I../Drivers/STM32F4xx_HAL_Driver/Inc -I../Drivers/STM32F4xx_HAL_Driver/Inc/Legacy -I../Drivers/CMSIS/Device/ST/STM32F4xx/Include -I../Drivers/CMSIS/Include -O0 -ffunction-sections -fdata-sections -Wall -fstack-usage -MMD -MP -MF"Core/Src/main.d" -MT"Core/Src/main.o" --specs=nano.specs -mfpu=fpv4-sp-d16 -mfloat-abi=hard -mthumb -o "Core/Src/main.o"
arm-none-eabi-gcc "../Core/Src/stm32f4xx_hal_msp.c" -mcpu=cortex-m4 -std=gnu11 -g3 -DDEBUG -DUSE_HAL_DRIVER -DSTM32F446xx -c -I../Core/Inc -I"C:/CodeLib/ARM-Cortex4-STMF4/EmbededArmSTMprojects/FreeRTOS/freeRTOS_Project/ThirdParty/FreeRTOS" -I"C:/CodeLib/ARM-Cortex4-STMF4/EmbededArmSTMprojects/FreeRTOS/freeRTOS_Project/ThirdParty/FreeRTOS/include" -I"C:/CodeLib/ARM-Cortex4-STMF4/EmbededArmSTMprojects/FreeRTOS/freeRTOS_Project/ThirdParty/FreeRTOS/portable/GCC/ARM_CM4F" -I../Drivers/STM32F4xx_HAL_Driver/Inc -I../Drivers/STM32F4xx_HAL_Driver/Inc/Legacy -I../Drivers/CMSIS/Device/ST/STM32F4xx/Include -I../Drivers/CMSIS/Include -O0 -ffunction-sections -fdata-sections -Wall -fstack-usage -MMD -MP -MF"Core/Src/stm32f4xx_hal_msp.d" -MT"Core/Src/stm32f4xx_hal_msp.o" --specs=nano.specs -mfpu=fpv4-sp-d16 -mfloat-abi=hard -mthumb -o "Core/Src/stm32f4xx_hal_msp.o"
arm-none-eabi-gcc "../Core/Src/stm32f4xx_hal_timebase_tim.c" -mcpu=cortex-m4 -std=gnu11 -g3 -DDEBUG -DUSE_HAL_DRIVER -DSTM32F446xx -c -I../Core/Inc -I"C:/CodeLib/ARM-Cortex4-STMF4/EmbededArmSTMprojects/FreeRTOS/freeRTOS_Project/ThirdParty/FreeRTOS" -I"C:/CodeLib/ARM-Cortex4-STMF4/EmbededArmSTMprojects/FreeRTOS/freeRTOS_Project/ThirdParty/FreeRTOS/include" -I"C:/CodeLib/ARM-Cortex4-STMF4/EmbededArmSTMprojects/FreeRTOS/freeRTOS_Project/ThirdParty/FreeRTOS/portable/GCC/ARM_CM4F" -I../Drivers/STM32F4xx_HAL_Driver/Inc -I../Drivers/STM32F4xx_HAL_Driver/Inc/Legacy -I../Drivers/CMSIS/Device/ST/STM32F4xx/Include -I../Drivers/CMSIS/Include -O0 -ffunction-sections -fdata-sections -Wall -fstack-usage -MMD -MP -MF"Core/Src/stm32f4xx_hal_timebase_tim.d" -MT"Core/Src/stm32f4xx_hal_timebase_tim.o" --specs=nano.specs -mfpu=fpv4-sp-d16 -mfloat-abi=hard -mthumb -o "Core/Src/stm32f4xx_hal_timebase_tim.o"
arm-none-eabi-gcc "../Core/Src/stm32f4xx_it.c" -mcpu=cortex-m4 -std=gnu11 -g3 -DDEBUG -DUSE_HAL_DRIVER -DSTM32F446xx -c -I../Core/Inc -I"C:/CodeLib/ARM-Cortex4-STMF4/EmbededArmSTMprojects/FreeRTOS/freeRTOS_Project/ThirdParty/FreeRTOS" -I"C:/CodeLib/ARM-Cortex4-STMF4/EmbededArmSTMprojects/FreeRTOS/freeRTOS_Project/ThirdParty/FreeRTOS/include" -I"C:/CodeLib/ARM-Cortex4-STMF4/EmbededArmSTMprojects/FreeRTOS/freeRTOS_Project/ThirdParty/FreeRTOS/portable/GCC/ARM_CM4F" -I../Drivers/STM32F4xx_HAL_Driver/Inc -I../Drivers/STM32F4xx_HAL_Driver/Inc/Legacy -I../Drivers/CMSIS/Device/ST/STM32F4xx/Include -I../Drivers/CMSIS/Include -O0 -ffunction-sections -fdata-sections -Wall -fstack-usage -MMD -MP -MF"Core/Src/stm32f4xx_it.d" -MT"Core/Src/stm32f4xx_it.o" --specs=nano.specs -mfpu=fpv4-sp-d16 -mfloat-abi=hard -mthumb -o "Core/Src/stm32f4xx_it.o"
arm-none-eabi-gcc "../Core/Src/syscalls.c" -mcpu=cortex-m4 -std=gnu11 -g3 -DDEBUG -DUSE_HAL_DRIVER -DSTM32F446xx -c -I../Core/Inc -I"C:/CodeLib/ARM-Cortex4-STMF4/EmbededArmSTMprojects/FreeRTOS/freeRTOS_Project/ThirdParty/FreeRTOS" -I"C:/CodeLib/ARM-Cortex4-STMF4/EmbededArmSTMprojects/FreeRTOS/freeRTOS_Project/ThirdParty/FreeRTOS/include" -I"C:/CodeLib/ARM-Cortex4-STMF4/EmbededArmSTMprojects/FreeRTOS/freeRTOS_Project/ThirdParty/FreeRTOS/portable/GCC/ARM_CM4F" -I../Drivers/STM32F4xx_HAL_Driver/Inc -I../Drivers/STM32F4xx_HAL_Driver/Inc/Legacy -I../Drivers/CMSIS/Device/ST/STM32F4xx/Include -I../Drivers/CMSIS/Include -O0 -ffunction-sections -fdata-sections -Wall -fstack-usage -MMD -MP -MF"Core/Src/syscalls.d" -MT"Core/Src/syscalls.o" --specs=nano.specs -mfpu=fpv4-sp-d16 -mfloat-abi=hard -mthumb -o "Core/Src/syscalls.o"
arm-none-eabi-gcc "../Core/Src/system_stm32f4xx.c" -mcpu=cortex-m4 -std=gnu11 -g3 -DDEBUG -DUSE_HAL_DRIVER -DSTM32F446xx -c -I../Core/Inc -I"C:/CodeLib/ARM-Cortex4-STMF4/EmbededArmSTMprojects/FreeRTOS/freeRTOS_Project/ThirdParty/FreeRTOS" -I"C:/CodeLib/ARM-Cortex4-STMF4/EmbededArmSTMprojects/FreeRTOS/freeRTOS_Project/ThirdParty/FreeRTOS/include" -I"C:/CodeLib/ARM-Cortex4-STMF4/EmbededArmSTMprojects/FreeRTOS/freeRTOS_Project/ThirdParty/FreeRTOS/portable/GCC/ARM_CM4F" -I../Drivers/STM32F4xx_HAL_Driver/Inc -I../Drivers/STM32F4xx_HAL_Driver/Inc/Legacy -I../Drivers/CMSIS/Device/ST/STM32F4xx/Include -I../Drivers/CMSIS/Include -O0 -ffunction-sections -fdata-sections -Wall -fstack-usage -MMD -MP -MF"Core/Src/system_stm32f4xx.d" -MT"Core/Src/system_stm32f4xx.o" --specs=nano.specs -mfpu=fpv4-sp-d16 -mfloat-abi=hard -mthumb -o "Core/Src/system_stm32f4xx.o"
arm-none-eabi-gcc -o "freeRTOS_Project.elf" @"objects.list"   -mcpu=cortex-m4 -T"C:\CodeLib\ARM-Cortex4-STMF4\EmbededArmSTMprojects\FreeRTOS\freeRTOS_Project\STM32F446RETX_FLASH.ld" --specs=nosys.specs -Wl,-Map="freeRTOS_Project.map" -Wl,--gc-sections -static --specs=nano.specs -mfpu=fpv4-sp-d16 -mfloat-abi=hard -mthumb -Wl,--start-group -lc -lm -Wl,--end-group
Finished building target: freeRTOS_Project.elf
 
arm-none-eabi-size   freeRTOS_Project.elf 
arm-none-eabi-objdump -h -S  freeRTOS_Project.elf  > "freeRTOS_Project.list"
   text	   data	    bss	    dec	    hex	filename
   9344	     20	   1780	  11144	   2b88	freeRTOS_Project.elf
Finished building: default.size.stdout
 
Finished building: freeRTOS_Project.list
 
