12:15:06 **** Incremental Build of configuration Debug for project 001_Tasks ****
make -j16 all 
arm-none-eabi-gcc -o "001_Tasks.elf" @"objects.list"   -mcpu=cortex-m4 -T"C:\CodeLib\ARM-Cortex4-STMF4\EmbededArmSTMprojects\FreeRTOS\001_Tasks\STM32F446RETX_FLASH.ld" --specs=nosys.specs -Wl,-Map="001_Tasks.map" -Wl,--gc-sections -static --specs=nano.specs -mfpu=fpv4-sp-d16 -mfloat-abi=hard -mthumb -Wl,--start-group -lc -lm -Wl,--end-group
c:\st\stm32cubeide_1.9.0\stm32cubeide\plugins\com.st.stm32cube.ide.mcu.externaltools.gnu-tools-for-stm32.10.3-2021.10.win32_1.0.0.202111181127\tools\arm-none-eabi\bin\ld.exe: warning: cannot find entry symbol Reset_Handler; defaulting to 0000000008000000
Finished building target: 001_Tasks.elf
 
arm-none-eabi-size   001_Tasks.elf 
arm-none-eabi-objdump -h -S  001_Tasks.elf  > "001_Tasks.list"
   text	   data	    bss	    dec	    hex	filename
     88	      8	   1568	   1664	    680	001_Tasks.elf
Finished building: default.size.stdout
 
Finished building: 001_Tasks.list
 
