<html>
<body>
<pre>
<h1>µVision Build Log</h1>
<h2>Tool Versions:</h2>
IDE-Version: µVision V5.36.0.0
Copyright (C) 2021 ARM Ltd and ARM Germany GmbH. All rights reserved.
License Information: Abdi Tujuba, Home, LIC=----
 
Tool Versions:
Toolchain:       MDK-Lite  Version: 5.36.0.0
Toolchain Path:  C:\Keil_v5\ARM\ARMCLANG\Bin
C Compiler:      ArmClang.exe V6.16
Assembler:       Armasm.exe V6.16
Linker/Locator:  ArmLink.exe V6.16
Library Manager: ArmAr.exe V6.16
Hex Converter:   FromElf.exe V6.16
CPU DLL:         SARMCM3.DLL V5.36.0.0
Dialog DLL:      DCM.DLL V1.17.3.0
Target DLL:      STLink\ST-LINKIII-KEIL_SWO.dll V3.0.9.0
Dialog DLL:      TCM.DLL V1.53.0.0
 
<h2>Project:</h2>
C:\Users\abdi_\Documents\CodeLib\EmbeddedARM\EmbededArmSTMprojects\State Machine and Data Structure\UART_driver.uvprojx
Project File Date:  03/02/2022

<h2>Output:</h2>
*** Using Compiler 'V6.16', folder: 'C:\Keil_v5\ARM\ARMCLANG\Bin'
Rebuild target 'stm32f4'
assembling startup_stm32f446xx.s...
compiling system_stm32f4xx.c...
main.c(11): warning: In file included from...
./uart.h(13): warning: no newline at end of file [-Wnewline-eof]
#endif
      ^
main.c(20): warning: no newline at end of file [-Wnewline-eof]
}
 ^
main.c(19): warning: 'return' will never be executed [-Wunreachable-code-return]
        return 0;
               ^
3 warnings generated.
compiling main.c...
uart.c(7): warning: In file included from...
./uart.h(13): warning: no newline at end of file [-Wnewline-eof]
#endif
      ^
uart.c(33): warning: implicit conversion changes signedness: 'int' to 'unsigned int' [-Wsign-conversion]
                GPIOA->MODER &=~0x00F0; // Disable first 
                             ~~^~~~~~~
uart.c(39): warning: implicit conversion changes signedness: 'int' to 'unsigned int' [-Wsign-conversion]
        GPIOA->AFR[0] &= ~0xFF00; //disable 
                      ~~ ^~~~~~~
uart.c(79): warning: unused parameter 'stream' [-Wunused-parameter]
int fputc(int ch , FILE * stream)
                          ^
uart.c(86): warning: unused parameter 'stream' [-Wunused-parameter]
int fgetc(FILE * stream)
                 ^
uart.c(95): warning: no previous extern declaration for non-static variable 'n' [-Wmissing-variable-declarations]
 int n;
     ^
uart.c(95): note: declare 'static' if the variable is not intended to be used outside of this translation unit
 int n;
 ^
uart.c(96): warning: no previous extern declaration for non-static variable 'str' [-Wmissing-variable-declarations]
 char str[80];
      ^
uart.c(96): note: declare 'static' if the variable is not intended to be used outside of this translation unit
 char str[80];
 ^
7 warnings generated.
compiling uart.c...
linking...
Program Size: Code=3096 RO-data=740 RW-data=0 ZI-data=1888  
".\Objects\UART_driver.axf" - 0 Error(s), 10 Warning(s).

<h2>Software Packages used:</h2>

Package Vendor: ARM
                http://www.keil.com/pack/ARM.CMSIS.5.8.0.pack
                ARM.CMSIS.5.8.0
                CMSIS (Common Microcontroller Software Interface Standard)
   * Component: CORE Version: 5.5.0

Package Vendor: Keil
                http://www.keil.com/pack/Keil.STM32F4xx_DFP.2.15.0.pack
                Keil.STM32F4xx_DFP.2.15.0
                STMicroelectronics STM32F4 Series Device Support, Drivers and Examples
   * Component: Startup Version: 2.6.3

<h2>Collection of Component include folders:</h2>
  .\RTE\_stm32f4
  C:\Users\abdi_\AppData\Local\Arm\Packs\ARM\CMSIS\5.8.0\CMSIS\Core\Include
  C:\Users\abdi_\AppData\Local\Arm\Packs\Keil\STM32F4xx_DFP\2.15.0\Drivers\CMSIS\Device\ST\STM32F4xx\Include

<h2>Collection of Component Files used:</h2>

   * Component: ARM::CMSIS:CORE:5.5.0

   * Component: Keil::Device:Startup:2.6.3
      Source file:   MDK\Device\Source\ARM\STM32F446xx_OPT.s
      Source file:   Drivers\CMSIS\Device\ST\STM32F4xx\Source\Templates\arm\startup_stm32f446xx.s
      Include file:  Drivers\CMSIS\Device\ST\STM32F4xx\Include\stm32f4xx.h
      Source file:   MDK\Device\Source\ARM\STM32F4xx_OTP.s
      Source file:   Drivers\CMSIS\Device\ST\STM32F4xx\Source\Templates\system_stm32f4xx.c
Build Time Elapsed:  00:00:01
</pre>
</body>
</html>
