16:08:36 **** Incremental Build of configuration Debug for project 11_systick_delay ****
make -j8 all 
arm-none-eabi-gcc "../Src/main.c" -mcpu=cortex-m4 -std=gnu11 -g3 -DDEBUG -DSTM32 -DSTM32F429ZITx -DSTM32F4 -DSTM32F429xx -c -I../Inc -I"C:/Users/abdit/Desktop/Code Base/EmbededCplusPlus/STM-Code/chip_headers/CMSIS/Device/ST/STM32F4xx/Include" -I"C:/Users/abdit/Desktop/Code Base/EmbededCplusPlus/STM-Code/chip_headers/CMSIS/Include" -O0 -ffunction-sections -fdata-sections -Wall -fstack-usage -MMD -MP -MF"Src/main.d" -MT"Src/main.o" --specs=nano.specs -mfpu=fpv4-sp-d16 -mfloat-abi=hard -mthumb -o "Src/main.o"
arm-none-eabi-gcc -o "11_systick_delay.elf" @"objects.list"   -mcpu=cortex-m4 -T"C:\Users\abdit\Desktop\Code Base\EmbededCplusPlus\STM-Code\11_systick_delay\STM32F429ZITX_FLASH.ld" --specs=nosys.specs -Wl,-Map="11_systick_delay.map" -Wl,--gc-sections -static --specs=nano.specs -mfpu=fpv4-sp-d16 -mfloat-abi=hard -mthumb -Wl,--start-group -lc -lm -Wl,--end-group
Finished building target: 11_systick_delay.elf
 
arm-none-eabi-size   11_systick_delay.elf 
arm-none-eabi-objdump -h -S  11_systick_delay.elf  > "11_systick_delay.list"
arm-none-eabi-objcopy  -O binary  11_systick_delay.elf  "11_systick_delay.bin"
   text	   data	    bss	    dec	    hex	filename
    876	      8	   1568	   2452	    994	11_systick_delay.elf
Finished building: default.size.stdout
 
Finished building: 11_systick_delay.bin
Finished building: 11_systick_delay.list
 
 

16:08:36 Build Finished. 0 errors, 0 warnings. (took 530ms)

