14:47:09 **** Clean-only build of configuration Debug for project stm_17_ADCc_interrupt ****
make -j8 clean 
rm -rf ./Startup/startup_stm32f446retx.d ./Startup/startup_stm32f446retx.o
rm -rf ./Src/adc.d ./Src/adc.o ./Src/main.d ./Src/main.o ./Src/syscalls.d ./Src/syscalls.o ./Src/sysmem.d ./Src/sysmem.o
rm -rf default.size.stdout stm_17_ADCc_interrupt.bin stm_17_ADCc_interrupt.elf stm_17_ADCc_interrupt.list
 
14:47:10 **** Incremental Build of configuration Debug for project stm_17_ADCc_interrupt ****
make -j8 all 
arm-none-eabi-gcc -mcpu=cortex-m4 -g3 -DDEBUG -c -x assembler-with-cpp -MMD -MP -MF"Startup/startup_stm32f446retx.d" -MT"Startup/startup_stm32f446retx.o" --specs=nano.specs -mfpu=fpv4-sp-d16 -mfloat-abi=hard -mthumb -o "Startup/startup_stm32f446retx.o" "../Startup/startup_stm32f446retx.s"
arm-none-eabi-gcc "../Src/adc.c" -mcpu=cortex-m4 -std=gnu11 -g3 -DDEBUG -DSTM32 -DSTM32F4 -DSTM32F446RETx -Dstm32f446xx -c -I../Inc -I"C:/Users/abdi_/Documents/CodeLib/EmbeddedARM/EmbededArmSTMprojects/chip_headers/CMSIS/Device/ST/STM32F4xx/Include" -I"C:/Users/abdi_/Documents/CodeLib/EmbeddedARM/EmbededArmSTMprojects/chip_headers/CMSIS/Include" -O0 -ffunction-sections -fdata-sections -Wall -fstack-usage -MMD -MP -MF"Src/adc.d" -MT"Src/adc.o" --specs=nano.specs -mfpu=fpv4-sp-d16 -mfloat-abi=hard -mthumb -o "Src/adc.o"
arm-none-eabi-gcc "../Src/main.c" -mcpu=cortex-m4 -std=gnu11 -g3 -DDEBUG -DSTM32 -DSTM32F4 -DSTM32F446RETx -Dstm32f446xx -c -I../Inc -I"C:/Users/abdi_/Documents/CodeLib/EmbeddedARM/EmbededArmSTMprojects/chip_headers/CMSIS/Device/ST/STM32F4xx/Include" -I"C:/Users/abdi_/Documents/CodeLib/EmbeddedARM/EmbededArmSTMprojects/chip_headers/CMSIS/Include" -O0 -ffunction-sections -fdata-sections -Wall -fstack-usage -MMD -MP -MF"Src/main.d" -MT"Src/main.o" --specs=nano.specs -mfpu=fpv4-sp-d16 -mfloat-abi=hard -mthumb -o "Src/main.o"
arm-none-eabi-gcc "../Src/syscalls.c" -mcpu=cortex-m4 -std=gnu11 -g3 -DDEBUG -DSTM32 -DSTM32F4 -DSTM32F446RETx -Dstm32f446xx -c -I../Inc -I"C:/Users/abdi_/Documents/CodeLib/EmbeddedARM/EmbededArmSTMprojects/chip_headers/CMSIS/Device/ST/STM32F4xx/Include" -I"C:/Users/abdi_/Documents/CodeLib/EmbeddedARM/EmbededArmSTMprojects/chip_headers/CMSIS/Include" -O0 -ffunction-sections -fdata-sections -Wall -fstack-usage -MMD -MP -MF"Src/syscalls.d" -MT"Src/syscalls.o" --specs=nano.specs -mfpu=fpv4-sp-d16 -mfloat-abi=hard -mthumb -o "Src/syscalls.o"
arm-none-eabi-gcc "../Src/sysmem.c" -mcpu=cortex-m4 -std=gnu11 -g3 -DDEBUG -DSTM32 -DSTM32F4 -DSTM32F446RETx -Dstm32f446xx -c -I../Inc -I"C:/Users/abdi_/Documents/CodeLib/EmbeddedARM/EmbededArmSTMprojects/chip_headers/CMSIS/Device/ST/STM32F4xx/Include" -I"C:/Users/abdi_/Documents/CodeLib/EmbeddedARM/EmbededArmSTMprojects/chip_headers/CMSIS/Include" -O0 -ffunction-sections -fdata-sections -Wall -fstack-usage -MMD -MP -MF"Src/sysmem.d" -MT"Src/sysmem.o" --specs=nano.specs -mfpu=fpv4-sp-d16 -mfloat-abi=hard -mthumb -o "Src/sysmem.o"
arm-none-eabi-gcc -o "stm_17_ADCc_interrupt.elf" @"objects.list"   -mcpu=cortex-m4 -T"C:\Users\abdi_\Documents\CodeLib\EmbeddedARM\EmbededArmSTMprojects\stm_17_ADCc_interrupt\STM32F446RETX_FLASH.ld" --specs=nosys.specs -Wl,-Map="stm_17_ADCc_interrupt.map" -Wl,--gc-sections -static --specs=nano.specs -mfpu=fpv4-sp-d16 -mfloat-abi=hard -mthumb -Wl,--start-group -lc -lm -Wl,--end-group
Finished building target: stm_17_ADCc_interrupt.elf
 
arm-none-eabi-size   stm_17_ADCc_interrupt.elf 
arm-none-eabi-objdump -h -S  stm_17_ADCc_interrupt.elf  > "stm_17_ADCc_interrupt.list"
arm-none-eabi-objcopy  -O binary  stm_17_ADCc_interrupt.elf  "stm_17_ADCc_interrupt.bin"
   text	   data	    bss	    dec	    hex	filename
   1000	      8	   1568	   2576	    a10	stm_17_ADCc_interrupt.elf
Finished building: default.size.stdout
 
Finished building: stm_17_ADCc_interrupt.bin
Finished building: stm_17_ADCc_interrupt.list
 
 
