14:12:21 **** Incremental Build of configuration Debug for project STM_17_ADC_interrupt ****
make -j8 all 
arm-none-eabi-gcc -mcpu=cortex-m4 -g3 -DDEBUG -c -x assembler-with-cpp -MMD -MP -MF"Startup/startup_stm32f429zitx.d" -MT"Startup/startup_stm32f429zitx.o" --specs=nano.specs -mfpu=fpv4-sp-d16 -mfloat-abi=hard -mthumb -o "Startup/startup_stm32f429zitx.o" "../Startup/startup_stm32f429zitx.s"
arm-none-eabi-gcc "../Src/adc.c" -mcpu=cortex-m4 -std=gnu11 -g3 -DDEBUG -DSTM32 -DSTM32F429ZITx -DSTM32F4 -DSTM32F429xx -c -I../Inc -I"C:/Users/abdit/Desktop/Code Base/EmbededCplusPlus/STM-Code/chip_headers/CMSIS/Device/ST/STM32F4xx/Include" -I"C:/Users/abdi_/Documents/CodeLib/EmbeddedARM/EmbededArmSTMprojects/chip_headers/CMSIS/Include" -I"C:/Users/abdi_/Documents/CodeLib/EmbeddedARM/EmbededArmSTMprojects/chip_headers/CMSIS/Device/ST/STM32F4xx/Include" -I"C:/Users/abdit/Desktop/Code Base/EmbededCplusPlus/STM-Code/chip_headers/CMSIS/Include" -O0 -ffunction-sections -fdata-sections -Wall -fstack-usage -MMD -MP -MF"Src/adc.d" -MT"Src/adc.o" --specs=nano.specs -mfpu=fpv4-sp-d16 -mfloat-abi=hard -mthumb -o "Src/adc.o"
arm-none-eabi-gcc "../Src/main.c" -mcpu=cortex-m4 -std=gnu11 -g3 -DDEBUG -DSTM32 -DSTM32F429ZITx -DSTM32F4 -DSTM32F429xx -c -I../Inc -I"C:/Users/abdit/Desktop/Code Base/EmbededCplusPlus/STM-Code/chip_headers/CMSIS/Device/ST/STM32F4xx/Include" -I"C:/Users/abdi_/Documents/CodeLib/EmbeddedARM/EmbededArmSTMprojects/chip_headers/CMSIS/Include" -I"C:/Users/abdi_/Documents/CodeLib/EmbeddedARM/EmbededArmSTMprojects/chip_headers/CMSIS/Device/ST/STM32F4xx/Include" -I"C:/Users/abdit/Desktop/Code Base/EmbededCplusPlus/STM-Code/chip_headers/CMSIS/Include" -O0 -ffunction-sections -fdata-sections -Wall -fstack-usage -MMD -MP -MF"Src/main.d" -MT"Src/main.o" --specs=nano.specs -mfpu=fpv4-sp-d16 -mfloat-abi=hard -mthumb -o "Src/main.o"
arm-none-eabi-gcc "../Src/syscalls.c" -mcpu=cortex-m4 -std=gnu11 -g3 -DDEBUG -DSTM32 -DSTM32F429ZITx -DSTM32F4 -DSTM32F429xx -c -I../Inc -I"C:/Users/abdit/Desktop/Code Base/EmbededCplusPlus/STM-Code/chip_headers/CMSIS/Device/ST/STM32F4xx/Include" -I"C:/Users/abdi_/Documents/CodeLib/EmbeddedARM/EmbededArmSTMprojects/chip_headers/CMSIS/Include" -I"C:/Users/abdi_/Documents/CodeLib/EmbeddedARM/EmbededArmSTMprojects/chip_headers/CMSIS/Device/ST/STM32F4xx/Include" -I"C:/Users/abdit/Desktop/Code Base/EmbededCplusPlus/STM-Code/chip_headers/CMSIS/Include" -O0 -ffunction-sections -fdata-sections -Wall -fstack-usage -MMD -MP -MF"Src/syscalls.d" -MT"Src/syscalls.o" --specs=nano.specs -mfpu=fpv4-sp-d16 -mfloat-abi=hard -mthumb -o "Src/syscalls.o"
arm-none-eabi-gcc "../Src/sysmem.c" -mcpu=cortex-m4 -std=gnu11 -g3 -DDEBUG -DSTM32 -DSTM32F429ZITx -DSTM32F4 -DSTM32F429xx -c -I../Inc -I"C:/Users/abdit/Desktop/Code Base/EmbededCplusPlus/STM-Code/chip_headers/CMSIS/Device/ST/STM32F4xx/Include" -I"C:/Users/abdi_/Documents/CodeLib/EmbeddedARM/EmbededArmSTMprojects/chip_headers/CMSIS/Include" -I"C:/Users/abdi_/Documents/CodeLib/EmbeddedARM/EmbededArmSTMprojects/chip_headers/CMSIS/Device/ST/STM32F4xx/Include" -I"C:/Users/abdit/Desktop/Code Base/EmbededCplusPlus/STM-Code/chip_headers/CMSIS/Include" -O0 -ffunction-sections -fdata-sections -Wall -fstack-usage -MMD -MP -MF"Src/sysmem.d" -MT"Src/sysmem.o" --specs=nano.specs -mfpu=fpv4-sp-d16 -mfloat-abi=hard -mthumb -o "Src/sysmem.o"
arm-none-eabi-gcc -o "STM_17_ADC_interrupt.elf" @"objects.list"   -mcpu=cortex-m4 -T"C:\Users\abdi_\Documents\CodeLib\EmbeddedARM\EmbededArmSTMprojects\STM_17_ADC_interrupt\STM32F429ZITX_FLASH.ld" --specs=nosys.specs -Wl,-Map="STM_17_ADC_interrupt.map" -Wl,--gc-sections -static --specs=nano.specs -mfpu=fpv4-sp-d16 -mfloat-abi=hard -mthumb -Wl,--start-group -lc -lm -Wl,--end-group
Finished building target: STM_17_ADC_interrupt.elf
 
arm-none-eabi-size   STM_17_ADC_interrupt.elf 
arm-none-eabi-objdump -h -S  STM_17_ADC_interrupt.elf  > "STM_17_ADC_interrupt.list"
arm-none-eabi-objcopy  -O binary  STM_17_ADC_interrupt.elf  "STM_17_ADC_interrupt.bin"
   text	   data	    bss	    dec	    hex	filename
    976	      8	   1568	   2552	    9f8	STM_17_ADC_interrupt.elf
Finished building: default.size.stdout
 
Finished building: STM_17_ADC_interrupt.bin
Finished building: STM_17_ADC_interrupt.list
 
 

14:12:22 Build Finished. 0 errors, 0 warnings. (took 1s.146ms)

